******************************************************************************
                  TI ARM Linker Unix v20.2.2                   
******************************************************************************
>> Linked Fri Jun 25 11:29:49 2021

OUTPUT FILE NAME:   <OPT3001_HDC2080_UART.out>
ENTRY POINT SYMBOL: "ResetISR"  address: 00004ff9


MEMORY CONFIGURATION

         name            origin    length      used     unused   attr    fill
----------------------  --------  ---------  --------  --------  ----  --------
  FLASH                 00000000   00058000  0000789c  00050764  R  X
  GPRAM                 11000000   00002000  00000000  00002000  RW X
  SRAM                  20000000   00014000  000052c9  0000ed37  RW X
  LOG_DATA              90000000   00040000  00000000  00040000  R   


SEGMENT ALLOCATION MAP

run origin  load origin   length   init length attrs members
----------  ----------- ---------- ----------- ----- -------
00000000    00000000    00007848   00007848    r-x
  00000000    00000000    0000003c   0000003c    r-- .resetVecs
  0000003c    0000003c    00006e44   00006e44    r-x .text
  00006e80    00006e80    000007d4   000007d4    r-- .const
  00007658    00007658    000001f0   000001f0    r-- .cinit
00057fa8    00057fa8    00000058   00000058    r--
  00057fa8    00057fa8    00000058   00000058    r-- .ccfg
20000100    20000100    0000000c   00000000    rw-
  20000100    20000100    00000004   00000000    rw- .data:xdcRomConstPtr
  20000104    20000104    00000004   00000000    rw- .data:xdcRomExternFuncPtr
  20000108    20000108    00000004   00000000    rw- .data:xdcRomStatePtr
20000110    20000110    00004000   00000000    r--
  20000110    20000110    00004000   00000000    r-- .priheap
20004110    20004110    00000dec   00000000    rw-
  20004110    20004110    00000819   00000000    rw- .bss
  20004930    20004930    000005cc   00000000    rw- .data
20013c00    20013c00    00000400   00000000    rw-
  20013c00    20013c00    00000400   00000000    rw- .stack


SECTION ALLOCATION MAP

 output                                  attributes/
section   page    origin      length       input sections
--------  ----  ----------  ----------   ----------------
.binit     0    00000000    00000000     

.cinit     0    00007658    000001f0     
                  00007658    00000196     (.cinit..data.load) [load image, compression = lzss]
                  000077ee    00000002     --HOLE-- [fill = 0]
                  000077f0    0000000c     (__TI_handler_table)
                  000077fc    00000004     --HOLE-- [fill = 0]
                  00007800    00000008     (.cinit..bss.load) [load image, compression = zero_init]
                  00007808    00000008     (.cinit..data:xdcRomConstPtr.load) [load image, compression = lzss]
                  00007810    00000008     (.cinit..data:xdcRomExternFuncPtr.load) [load image, compression = lzss]
                  00007818    00000008     (.cinit..data:xdcRomStatePtr.load) [load image, compression = lzss]
                  00007820    00000028     (__TI_cinit_table)

.init_array 
*          0    00000000    00000000     UNINITIALIZED

.ccfg      0    00057fa8    00000058     
                  00057fa8    00000058     ti_devices_config.obj (.ccfg:retain)

.bss       0    20004110    00000819     UNINITIALIZED
                  20004110    00000200     release_pem4f.oem4f (.bss:taskStackSection)
                  20004310    000001b4     (.common:uartCC26XXObjects)
                  200044c4    00000144     (.common:i2cCC26xxObjects)
                  20004608    000000d8     (.common:ti_sysbios_family_arm_m3_Hwi_dispatchTable)
                  200046e0    0000007c     (.common:pinHandleTable)
                  2000475c    00000050     drivers_cc13x2.a : PINCC26XX.oem4f (.bss:pinSemaphore)
                  200047ac    00000034                      : PINCC26XX.oem4f (.bss:pinSwi)
                  200047e0    00000024     (.common:uartParams)
                  20004804    00000020                      : GPIOCC26XX.oem4f (.bss:gpioCallbackInfo)
                  20004824    00000020                      : PINCC26XX.oem4f (.bss:pinGpioConfigTable)
                  20004844    00000020     ti_drivers_config.obj (.bss:uartCC26XXRingBuffer0)
                  20004864    00000020     (.common:i2cTransaction)
                  20004884    00000020     (.common:i2cTransaction_hdc2080)
                  200048a4    00000020     (.common:i2cTransaction_opt3001)
                  200048c4    0000001c     drivers_cc13x2.a : PINCC26XX.oem4f (.bss:pinHwi)
                  200048e0    00000010     (.common:i2cParams)
                  200048f0    0000000c                      : GPIOCC26XX.oem4f (.bss:gpioPinState)
                  200048fc    00000008                      : GPIOCC26XX.oem4f (.bss)
                  20004904    00000004                      : PINCC26XX.oem4f (.bss)
                  20004908    00000004     (.common:PowerCC26XX_swiKey)
                  2000490c    00000004     (.common:PowerCC26XX_taskKey)
                  20004910    00000004     (.common:i2c)
                  20004914    00000004     (.common:i2cHandle)
                  20004918    00000004     (.common:rxBuffer)
                  2000491c    00000004     (.common:txBuffer)
                  20004920    00000004     (.common:uart)
                  20004924    00000001     (.common:data)
                  20004925    00000001     (.common:driverlib_release_0_59848)
                  20004926    00000001     (.common:i2cAddress)
                  20004927    00000001     (.common:rxCount)
                  20004928    00000001     (.common:txCount)

.data      0    20004930    000005cc     UNINITIALIZED
                  20004930    00000170     drivers_cc13x2.a : PowerCC26X2.oem4f (.data:PowerCC26X2_module)
                  20004aa0    0000010c     release_pem4f.oem4f (.data:ROM_stateStruct)
                  20004bac    00000088     rom_sysbios.aem4f : rom_sysbios.obj (.data:$O1$$)
                  20004c34    00000054     release_pem4f.oem4f (.data:ti_sysbios_gates_GateMutex_Object__table__V)
                  20004c88    0000004c     release_pem4f.oem4f (.data:ti_sysbios_knl_Task_Object__table__V)
                  20004cd4    00000004     drivers_cc13x2.a : GPIOCC26XX.oem4f (.data:gpioPinTable)
                  20004cd8    00000048     release_pem4f.oem4f (.data:ti_sysbios_family_arm_cc26xx_Timer_Object__table__V)
                  20004d20    00000030     release_pem4f.oem4f (.data:ti_sysbios_knl_Swi_Module_State_0_readyQ__A)
                  20004d50    00000030     release_pem4f.oem4f (.data:ti_sysbios_knl_Swi_Object__table__V)
                  20004d80    00000030     release_pem4f.oem4f (.data:ti_sysbios_knl_Task_Module_State_0_readyQ__A)
                  20004db0    00000024     driverlib.lib : osc.obj (.data:$O1$$)
                  20004dd4    00000020     release_pem4f.oem4f (.data:ti_sysbios_knl_Clock_Object__table__V)
                  20004df4    00000020     release_pem4f.oem4f (.data:xdc_runtime_Error_IgnoreBlock)
                  20004e14    00000018     release_pem4f.oem4f (.data:ti_sysbios_family_arm_m3_Hwi_Object__table__V)
                  20004e2c    00000018     release_pem4f.oem4f (.data:ti_sysbios_heaps_HeapMem_Object__table__V)
                  20004e44    00000014     ti_drivers_config.obj (.data:gpioCallbackFunctions)
                  20004e58    00000014     ti_drivers_config.obj (.data:gpioPinConfigs)
                  20004e6c    00000008     rtsv7M4_T_le_v4SPD16_eabi.lib : _lock.c.obj (.data:$O1$$)
                  20004e74    00000008     drivers_cc13x2.a : PINCC26XX.oem4f (.data)
                  20004e7c    00000008     release_pem4f.oem4f (.data:ti_sysbios_family_arm_m3_Hwi_Module__root__V)
                  20004e84    00000008     release_pem4f.oem4f (.data:ti_sysbios_gates_GateHwi_Module__root__V)
                  20004e8c    00000008     release_pem4f.oem4f (.data:ti_sysbios_gates_GateMutex_Module__root__V)
                  20004e94    00000008     release_pem4f.oem4f (.data:ti_sysbios_hal_Hwi_Module__root__V)
                  20004e9c    00000008     release_pem4f.oem4f (.data:ti_sysbios_heaps_HeapMem_Module__root__V)
                  20004ea4    00000008     release_pem4f.oem4f (.data:ti_sysbios_knl_Clock_Module__root__V)
                  20004eac    00000008     release_pem4f.oem4f (.data:ti_sysbios_knl_Event_Module__root__V)
                  20004eb4    00000008     release_pem4f.oem4f (.data:ti_sysbios_knl_Mailbox_Module__root__V)
                  20004ebc    00000008     release_pem4f.oem4f (.data:ti_sysbios_knl_Queue_Module__root__V)
                  20004ec4    00000008     release_pem4f.oem4f (.data:ti_sysbios_knl_Semaphore_Module__root__V)
                  20004ecc    00000008     release_pem4f.oem4f (.data:ti_sysbios_knl_Swi_Module__root__V)
                  20004ed4    00000008     release_pem4f.oem4f (.data:ti_sysbios_knl_Task_Module__root__V)
                  20004edc    00000008     release_pem4f.oem4f (.data:xdc_runtime_System_Module_State_0_atexitHandlers__A)
                  20004ee4    00000005     drivers_cc13x2.a : GPIOCC26XX.oem4f (.data)
                  20004ee9    00000001                      : UART.oem4f (.data)
                  20004eea    00000002     release_pem4f.oem4f (.data:ti_sysbios_family_arm_m3_Hwi_Module_State_0_excActive__A)
                  20004eec    00000004     rtsv7M4_T_le_v4SPD16_eabi.lib : stkdepth_vars.c.obj (.data)
                  20004ef0    00000004     release_pem4f.oem4f (.data:ti_sysbios_family_arm_m3_Hwi_Module_State_0_excContext__A)
                  20004ef4    00000004     release_pem4f.oem4f (.data:ti_sysbios_family_arm_m3_Hwi_Module_State_0_excStack__A)
                  20004ef8    00000004     release_pem4f.oem4f (.data:ti_sysbios_knl_Task_Module_State_0_idleTask__A)

.stack     0    20013c00    00000400     UNINITIALIZED
                  20013c00    00000400     --HOLE--

.priheap   0    20000110    00004000     UNINITIALIZED
                  20000110    00004000     --HOLE--

.log_data 
*          0    90000000    00000000     COPY SECTION

.data:xdcRomConstPtr 
*          0    20000100    00000004     UNINITIALIZED
                  20000100    00000004     release_pem4f.oem4f (.data:xdcRomConstPtr)

.data:xdcRomExternFuncPtr 
*          0    20000104    00000004     UNINITIALIZED
                  20000104    00000004     release_pem4f.oem4f (.data:xdcRomExternFuncPtr)

.data:xdcRomStatePtr 
*          0    20000108    00000004     UNINITIALIZED
                  20000108    00000004     release_pem4f.oem4f (.data:xdcRomStatePtr)

.bootVecs 
*          0    00000000    00000008     DSECT
                  00000000    00000008     boot.aem4f : boot.oem4f (.bootVecs)

.resetVecs 
*          0    00000000    0000003c     
                  00000000    0000003c     release_pem4f.oem4f (.resetVecs)

.vecs      0    20000000    000000d8     NOLOAD SECTION
                  20000000    000000d8     release_pem4f.oem4f (.vecs)

xdc.meta   0    00000000    000000fd     COPY SECTION
                  00000000    000000fd     release_pem4f.oem4f (xdc.meta)

xdc.noload 
*          0    00000000    00000000     COPY SECTION

__llvm_prf_cnts 
*          0    20000000    00000000     UNINITIALIZED

.text      0    0000003c    00006e44     
                  0000003c    00000a4e     rtsv7M4_T_le_v4SPD16_eabi.lib : _printfi.c.obj (.text:__TI_printfi)
                  00000a8a    00000002     ti_drivers_config.obj (.text:Board_initHook)
                  00000a8c    00000270     rtsv7M4_T_le_v4SPD16_eabi.lib : _printfi.c.obj (.text:_pconv_a)
                  00000cfc    000001e0     drivers_cc13x2.a : PINCC26XX.oem4f (.text:PIN_init)
                  00000edc    000001d0     rtsv7M4_T_le_v4SPD16_eabi.lib : _printfi.c.obj (.text:_pconv_g)
                  000010ac    000001b6                                   : fd_add_t2.asm.obj (.text)
                  00001262    00000002     drivers_cc13x2.a : I2C.oem4f (.text:I2C_init)
                  00001264    000001a0     empty.obj (.text:mainThread)
                  00001404    00000198     drivers_cc13x2.a : PowerCC26X2.oem4f (.text:Power_sleep)
                  0000159c    00000190                      : PowerCC26X2_calibrateRCOSC.oem4f (.text:calibrateRcoscHf1)
                  0000172c    0000018c                      : PowerCC26X2_calibrateRCOSC.oem4f (.text:runCalibrateFsm)
                  000018b8    00000188     release_pem4f.oem4f (.text:xdc_runtime_System_printfExtend__I)
                  00001a40    00000174     drivers_cc13x2.a : PowerCC26X2.oem4f (.text:Power_init)
                  00001bb4    00000164                      : UARTCC26XX.oem4f (.text:UARTCC26XX_open)
                  00001d18    00000154                      : UARTCC26XX.oem4f (.text:UARTCC26XX_hwiIntFxn)
                  00001e6c    0000013c     rtsv7M4_T_le_v4SPD16_eabi.lib : _printfi.c.obj (.text:_pconv_e)
                  00001fa8    0000013a     drivers_cc13x2.a : UARTCC26XX.oem4f (.text:UARTCC26XX_read)
                  000020e2    00000136     rtsv7M4_T_le_v4SPD16_eabi.lib : fd_div_t2.asm.obj (.text)
                  00002218    00000124                                   : _printfi.c.obj (.text:fcvt)
                  0000233c    00000122     drivers_cc13x2.a : I2C.oem4f (.text:I2C_transferTimeout)
                  0000245e    00000002     rtsv7M4_T_le_v4SPD16_eabi.lib : _lock.c.obj (.text:_nop)
                  00002460    00000120     drivers_cc13x2.a : PowerCC26X2.oem4f (.text:configureXOSCHF)
                  00002580    00000114                      : PINCC26XX.oem4f (.text:PINCC26XX_setIoCfg)
                  00002694    00000110                      : GPIOCC26XX.oem4f (.text:GPIO_setConfig)
                  000027a4    00000110     HDC2080_functions.obj (.text:HDC2080_setRate)
                  000028b4    00000110     drivers_cc13x2.a : I2CCC26XX.oem4f (.text:I2C_open)
                  000029c4    00000110     rtsv7M4_T_le_v4SPD16_eabi.lib : s_scalbn.c.obj (.text:scalbn)
                  00002ad4    000000fc                                   : fd_mul_t2.asm.obj (.text)
                  00002bd0    000000f0     driverlib.lib : sys_ctrl.obj (.text:NOROM_SysCtrlStandby)
                  00002cc0    000000ec     drivers_cc13x2.a : I2CCC26XX.oem4f (.text:I2CCC26XX_hwiFxn)
                  00002dac    000000ec     rom_sysbios.aem4f : rom_sysbios.obj (.text:pthread_create)
                  00002e98    000000e0     drivers_cc13x2.a : UARTCC26XX.oem4f (.text:UARTCC26XX_write)
                  00002f78    000000c8     dpl_cc13x2.a : PowerCC26X2_tirtos.oem4f (.text:PowerCC26XX_standbyPolicy)
                  00003040    000000c4     drivers_cc13x2.a : GPIOCC26XX.oem4f (.text:GPIO_init)
                  00003104    000000c0                      : PowerCC26X2.oem4f (.text:Power_releaseDependency)
                  000031c4    000000c0                      : UARTCC26XX.oem4f (.text:UARTCC26XX_initIO)
                  00003284    000000ba                      : I2CCC26XX.oem4f (.text:I2CCC26XX_swiFxn)
                  0000333e    00000002                      : PowerCC26X2.oem4f (.text:emptyClockFunc)
                  00003340    000000b8                      : PowerCC26X2.oem4f (.text:Power_setDependency)
                  000033f8    000000b8                      : UARTCC26XX.oem4f (.text:UARTCC26XX_initHw)
                  000034b0    000000b1     rtsv7M4_T_le_v4SPD16_eabi.lib : _printfi.c.obj (.text:_ltostr)
                  00003561    00000001     --HOLE-- [fill = 0]
                  00003562    00000002                                   : div0.asm.obj (.text)
                  00003564    000000ac     drivers_cc13x2.a : PINCC26XX.oem4f (.text:PIN_open)
                  00003610    000000ac     driverlib.lib : setup.obj (.text:TrimAfterColdResetWakeupFromShutDown)
                  000036bc    000000a0     Sensor_Core.obj (.text:I2C_Sensor_Initialization_HDC2080)
                  0000375c    000000a0     Sensor_Core.obj (.text:I2C_Sensor_Initialization_OPT3001)
                  000037fc    000000a0     auto_init.aem4f : auto_init.oem4f (.text)
                  0000389c    000000a0     rom_sysbios.aem4f : rom_sysbios.obj (.text:ti_sysbios_knl_Task_setPri__E)
                  0000393c    0000009c     rtsv7M4_T_le_v4SPD16_eabi.lib : memcpy_t2.asm.obj (.text)
                  000039d8    00000098     driverlib.lib : setup.obj (.text:NOROM_SetupTrimDevice)
                  00003a70    00000098     drivers_cc13x2.a : UARTCC26XX.oem4f (.text:writeTxFifoFlush)
                  00003b08    00000096     rtsv7M4_T_le_v4SPD16_eabi.lib : ull_div_t2.asm.obj (.text)
                  00003b9e    00000092     drivers_cc13x2.a : UARTCC26XX.oem4f (.text:UARTCC26XX_writeCancel)
                  00003c30    00000088     HDC2080_functions.obj (.text:HDC2080_setHighTemp)
                  00003cb8    00000088     HDC2080_functions.obj (.text:HDC2080_setLowTemp)
                  00003d40    00000088     drivers_cc13x2.a : I2CCC26XX.oem4f (.text:I2CSupport_primeTransfer)
                  00003dc8    00000088     driverlib.lib : osc.obj (.text:NOROM_OSCHF_AttemptToSwitchToXosc)
                  00003e50    00000088     rom_sysbios.aem4f : rom_sysbios.obj (.text:_pthread_removeThreadKeys)
                  00003ed8    00000088     drivers_cc13x2.a : PowerCC26X2_calibrateRCOSC.oem4f (.text:calibrateRcoscHf2)
                  00003f60    00000088                      : PowerCC26X2.oem4f (.text:disableLFClockQualifiers)
                  00003fe8    00000088                      : PowerCC26X2_calibrateRCOSC.oem4f (.text:updateSubSecInc)
                  00004070    00000086     rtsv7M4_T_le_v4SPD16_eabi.lib : fd_cmp_t2.asm.obj (.text:__aeabi_cdcmple)
                  000040f6    00000086                                   : fd_cmp_t2.asm.obj (.text:__aeabi_cdrcmple)
                  0000417c    00000084     ti_drivers_config.obj (.text:Board_sendExtFlashByte)
                  00004200    00000084     drivers_cc13x2.a : UARTCC26XX.oem4f (.text:UARTCC26XX_close)
                  00004284    00000084     rom_sysbios.aem4f : rom_sysbios.obj (.text:ti_sysbios_family_arm_m3_Hwi_excHandlerMin__I)
                  00004308    00000080     driverlib.lib : sys_ctrl.obj (.text:NOROM_SysCtrlSetRechargeBeforePowerDown)
                  00004388    00000080     rom_sysbios.aem4f : rom_sysbios.obj (.text:ti_sysbios_family_arm_cc26xx_Timer_start__E)
                  00004408    0000007c     HDC2080_functions.obj (.text:HDC2080_setHumidRes)
                  00004484    0000007c     HDC2080_functions.obj (.text:HDC2080_setMeasurementMode)
                  00004500    0000007c     HDC2080_functions.obj (.text:HDC2080_setTempRes)
                  0000457c    0000007a     rtsv7M4_T_le_v4SPD16_eabi.lib : memset_t2.asm.obj (.text)
                  000045f6    00000076     rom_sysbios.aem4f : rom_sysbios.obj (.text:ti_sysbios_heaps_HeapMem_allocUnprotected__E)
                  0000466c    00000074     drivers_cc13x2.a : PowerCC26X2_calibrateRCOSC.oem4f (.text:PowerCC26X2_auxISR)
                  000046e0    00000072     OPT3001_functions.obj (.text:OPT3001_parseLux)
                  00004752    00000002     release_pem4f.oem4f (.text:ti_sysbios_BIOS_nullFunc__I)
                  00004754    00000070     HDC2080_functions.obj (.text:HDC2080_setHighHumidity)
                  000047c4    00000070     HDC2080_functions.obj (.text:HDC2080_setLowHumidity)
                  00004834    00000070     drivers_cc13x2.a : PINCC26XX.oem4f (.text:PIN_add)
                  000048a4    0000006e     rtsv7M4_T_le_v4SPD16_eabi.lib : _printfi.c.obj (.text:_mcpy)
                  00004912    00000002     rom_sysbios.aem4f : rom_sysbios.obj (.text:xdc_runtime_SysCallback_defaultAbort)
                  00004914    0000006d                       : rom_sysbios.obj (.text:xdc_runtime_System_formatNum__I)
                  00004981    00000001     --HOLE-- [fill = 0]
                  00004982    00000002                       : rom_sysbios.obj (.text:xdc_runtime_SysCallback_defaultExit)
                  00004984    0000006c     driverlib.lib : chipinfo.obj (.text:NOROM_ChipInfo_GetChipType)
                  000049f0    00000068                   : osc.obj (.text:NOROM_OSCHF_SwitchToRcOscTurnOffXosc)
                  00004a58    00000068     rtsv7M4_T_le_v4SPD16_eabi.lib : copy_decompress_lzss.c.obj (.text:decompress:lzss:__TI_decompress_lzss)
                  00004ac0    00000064     drivers_cc13x2.a : I2CCC26XX.oem4f (.text:I2CCC26XX_initIO)
                  00004b24    00000064                      : UARTCC26XX.oem4f (.text:UARTCC26XX_control)
                  00004b88    00000064     rtsv7M4_T_le_v4SPD16_eabi.lib : s_frexp.c.obj (.text:frexp)
                  00004bec    00000064     main_tirtos.obj (.text:main)
                  00004c50    00000062     drivers_cc13x2.a : UARTCC26XX.oem4f (.text:UARTCC26XX_swiIntFxn)
                  00004cb2    00000002     rom_sysbios.aem4f : rom_sysbios.obj (.text:xdc_runtime_SysCallback_defaultFlush)
                  00004cb4    00000060     HDC2080_functions.obj (.text:HDC2080_readTemp)
                  00004d14    00000060     HDC2080_functions.obj (.text:HDC2080_transfer)
                  00004d74    00000060     OPT3001_functions.obj (.text:OPT3001_transfer)
                  00004dd4    0000005c     drivers_cc13x2.a : I2CCC26XX.oem4f (.text:I2C_close)
                  00004e30    0000005c                      : PINCC26XX.oem4f (.text:PIN_remove)
                  00004e8c    0000005c                      : UARTCC26XX.oem4f (.text:startTxFifoEmptyClk)
                  00004ee8    0000005c     rom_sysbios.aem4f : rom_sysbios.obj (.text:ti_sysbios_heaps_HeapMem_initPrimary__I)
                  00004f44    0000005c     release_pem4f.oem4f (.text:xdc_runtime_Startup_getState__I)
                  00004fa0    00000058     drivers_cc13x2.a : PowerCC26X2_calibrateRCOSC.oem4f (.text:PowerCC26X2_initiateCalibration)
                  00004ff8    00000058     boot.aem4f : boot.oem4f (.text)
                  00005050    00000058     rom_sysbios.aem4f : rom_sysbios.obj (.text:pthread_exit)
                  000050a8    00000058                       : rom_sysbios.obj (.text:ti_sysbios_heaps_HeapMem_alloc__E)
                  00005100    00000056     rtsv7M4_T_le_v4SPD16_eabi.lib : _printfi.c.obj (.text:_pconv_f)
                  00005156    00000002     rom_sysbios.aem4f : rom_sysbios.obj (.text:xdc_runtime_SysCallback_defaultPutch)
                  00005158    00000054     driverlib.lib : prcm.obj (.text:NOROM_PRCMPowerDomainsAllOff)
                  000051ac    00000054     OPT3001_functions.obj (.text:OPT3001_setRawRegisterValue)
                  00005200    00000054     dpl_cc13x2.a : SwiP_tirtos.oem4f (.text:SwiP_construct)
                  00005254    00000054     rtsv7M4_T_le_v4SPD16_eabi.lib : _ltoa.c.obj (.text:__TI_ltoa)
                  000052a8    00000054     empty.obj (.text:uart_start)
                  000052fc    00000052     rtsv7M4_T_le_v4SPD16_eabi.lib : _printfi.c.obj (.text:_ecpy)
                  0000534e    00000002     --HOLE-- [fill = 0]
                  00005350    00000050     drivers_cc13x2.a : GPIOCC26XX.oem4f (.text:GPIO_enableInt)
                  000053a0    00000050     HDC2080_functions.obj (.text:HDC2080_readHumidity)
                  000053f0    00000050     OPT3001_functions.obj (.text:OPT3001_init)
                  00005440    0000004c     ti_drivers_config.obj (.text:Board_wakeUpExtFlash)
                  0000548c    0000004c     Sensor_Core.obj (.text:HDC_2080_SET_REG_VALUES)
                  000054d8    0000004c     driverlib.lib : prcm.obj (.text:NOROM_PRCMPowerDomainsAllOn)
                  00005524    0000004c     drivers_cc13x2.a : UARTCC26XX.oem4f (.text:UARTCC26XX_readCancel)
                  00005570    0000004c     rtsv7M4_T_le_v4SPD16_eabi.lib : atoi.c.obj (.text:atoi)
                  000055bc    0000004c                                   : cpy_tbl.c.obj (.text:copy_in)
                  00005608    00000048     HDC2080_functions.obj (.text:HDC2080_init)
                  00005650    00000048     drivers_cc13x2.a : I2CCC26XX.oem4f (.text:I2CCC26XX_initHw)
                  00005698    00000048     OPT3001_functions.obj (.text:OPT3001_getRawRegisterValue)
                  000056e0    00000048     drivers_cc13x2.a : PINCC26XX.oem4f (.text:PIN_setOutputEnable)
                  00005728    00000048                      : PowerCC26X2_calibrateRCOSC.oem4f (.text:PowerCC26X2_RCOSC_clockFunc)
                  00005770    00000048     rtsv7M4_T_le_v4SPD16_eabi.lib : fd_toi_t2.asm.obj (.text)
                  000057b8    00000048     drivers_cc13x2.a : PowerCC26X2.oem4f (.text:switchXOSCHF)
                  00005800    00000048                      : UARTCC26XX.oem4f (.text:writeFinishedDoCallback)
                  00005848    00000046                      : RingBuf.oem4f (.text:RingBuf_put)
                  0000588e    00000002     --HOLE-- [fill = 0]
                  00005890    00000044     driverlib.lib : chipinfo.obj (.text:NOROM_ChipInfo_GetHwRevision)
                  000058d4    00000044     drivers_cc13x2.a : PINCC26XX.oem4f (.text:PIN_swi)
                  00005918    00000044                      : UART.oem4f (.text:UART_init)
                  0000595c    00000044     rtsv7M4_T_le_v4SPD16_eabi.lib : fd_tou_t2.asm.obj (.text)
                  000059a0    00000040     ti_drivers_config.obj (.text:Board_shutDownExtFlash)
                  000059e0    00000040     dpl_cc13x2.a : ClockP_tirtos.oem4f (.text:ClockP_construct)
                  00005a20    00000040     driverlib.lib : osc.obj (.text:NOROM_OSC_HPOSCRelativeFrequencyOffsetGet)
                  00005a60    00000040     drivers_cc13x2.a : RingBuf.oem4f (.text:RingBuf_get)
                  00005aa0    00000040                      : UART.oem4f (.text:UART_open)
                  00005ae0    00000040     rtsv7M4_T_le_v4SPD16_eabi.lib : u_divt2.asm.obj (.text)
                  00005b20    00000040                                   : sprintf.c.obj (.text:sprintf)
                  00005b60    00000040     rom_sysbios.aem4f : rom_sysbios.obj (.text:ti_sysbios_family_arm_cc26xx_Timer_setThreshold__I)
                  00005ba0    0000003e     dpl_cc13x2.a : HwiP_tirtos.oem4f (.text:HwiP_construct)
                  00005bde    0000003e     OPT3001_functions.obj (.text:OPT3001_calculateLux)
                  00005c1c    0000003e     OPT3001_functions.obj (.text:OPT3001_setHighLimit)
                  00005c5a    0000003e     OPT3001_functions.obj (.text:OPT3001_setLowLimit)
                  00005c98    0000003e     rtsv7M4_T_le_v4SPD16_eabi.lib : _printfi.c.obj (.text:_fcpy)
                  00005cd6    00000002     --HOLE-- [fill = 0]
                  00005cd8    0000003c     drivers_cc13x2.a : PINCC26XX.oem4f (.text:PIN_setInterrupt)
                  00005d14    0000003c                      : PINCC26XX.oem4f (.text:PIN_setOutputValue)
                  00005d50    0000003c     HDC2080_functions.obj (.text:readReg)
                  00005d8c    0000003c     rom_sysbios.aem4f : rom_sysbios.obj (.text:sleep)
                  00005dc8    0000003c                       : rom_sysbios.obj (.text:ti_sysbios_family_arm_m3_Hwi_construct2__E)
                  00005e04    0000003c     HDC2080_functions.obj (.text:writeReg)
                  00005e40    00000038     drivers_cc13x2.a : PINCC26XX.oem4f (.text:PIN_setConfig)
                  00005e78    00000038                      : PowerCC26X2.oem4f (.text:notify)
                  00005eb0    00000038                      : UARTCC26XX.oem4f (.text:readData)
                  00005ee8    00000038     rtsv7M4_T_le_v4SPD16_eabi.lib : fs_tod_t2.asm.obj (.text)
                  00005f20    00000038     drivers_cc13x2.a : UARTCC26XX.oem4f (.text:writeData)
                  00005f58    00000036     rom_sysbios.aem4f : rom_sysbios.obj (.text:ti_sysbios_family_arm_cc26xx_Timer_setNextTick__E)
                  00005f8e    00000002     --HOLE-- [fill = 0]
                  00005f90    00000034     drivers_cc13x2.a : GPIOCC26XX.oem4f (.text:GPIO_toggle)
                  00005fc4    00000034     driverlib.lib : aux_sysif.obj (.text:NOROM_AUXSYSIFOpModeChange)
                  00005ff8    00000034                   : sys_ctrl.obj (.text:NOROM_SysCtrlIdle)
                  0000602c    00000034     drivers_cc13x2.a : UARTCC26XX.oem4f (.text:readData2RingBuf)
                  00006060    00000032     OPT3001_functions.obj (.text:light_sensor_Value)
                  00006092    00000002     --HOLE-- [fill = 0]
                  00006094    00000030     drivers_cc13x2.a : GPIOCC26XX.oem4f (.text:GPIO_hwiIntFxn)
                  000060c4    00000030                      : GPIOCC26XX.oem4f (.text:GPIO_setCallback)
                  000060f4    00000030                      : PINCC26XX.oem4f (.text:PINCC26XX_setMux)
                  00006124    00000030                      : PowerCC26X2.oem4f (.text:Power_releaseConstraint)
                  00006154    00000030                      : PowerCC26X2.oem4f (.text:Power_setConstraint)
                  00006184    00000030     release_pem4f.oem4f (.text:ti_sysbios_BIOS_atExitFunc__I)
                  000061b4    00000030     release_pem4f.oem4f (.text:ti_sysbios_BIOS_startFunc__I)
                  000061e4    00000030     rom_sysbios.aem4f : rom_sysbios.obj (.text:ti_sysbios_family_arm_cc26xx_Timer_getCurrentTick__E)
                  00006214    00000030                       : rom_sysbios.obj (.text:ti_sysbios_family_arm_cc26xx_Timer_initDevice__I)
                  00006244    0000002e     rtsv7M4_T_le_v4SPD16_eabi.lib : i_tofd_t2.asm.obj (.text)
                  00006272    0000002c     OPT3001_functions.obj (.text:OPT3001_setConversionMode)
                  0000629e    0000002c     dpl_cc13x2.a : SemaphoreP_tirtos.oem4f (.text:SemaphoreP_constructBinary)
                  000062ca    00000002     --HOLE-- [fill = 0]
                  000062cc    0000002c                  : SemaphoreP_tirtos.oem4f (.text:SemaphoreP_createBinary)
                  000062f8    0000002c     rom_sysbios.aem4f : rom_sysbios.obj (.text:_pthread_delete$45)
                  00006324    0000002c                       : rom_sysbios.obj (.text:pthread_setcancelstate)
                  00006350    0000002c                       : rom_sysbios.obj (.text:ti_sysbios_knl_Clock_getTicksUntilInterrupt__E)
                  0000637c    00000028     drivers_cc13x2.a : PowerCC26X2.oem4f (.text:Power_registerNotify)
                  000063a4    00000028                      : PowerCC26X2.oem4f (.text:oscillatorISR)
                  000063cc    00000026                      : I2C.oem4f (.text:I2C_cancel)
                  000063f2    00000026                      : List.oem4f (.text:List_put)
                  00006418    00000026                      : List.oem4f (.text:List_remove)
                  0000643e    00000024     HDC2080_functions.obj (.text:HDC2080_reset)
                  00006462    00000024     HDC2080_functions.obj (.text:HDC2080_triggerMeasurement)
                  00006486    00000002     --HOLE-- [fill = 0]
                  00006488    00000024     driverlib.lib : osc.obj (.text:NOROM_OSCHF_TurnOnXosc)
                  000064ac    00000024     rom_sysbios.aem4f : rom_sysbios.obj (.text:_pthread_cleanupFxn)
                  000064d0    00000024     drivers_cc13x2.a : PowerCC26X2_calibrateRCOSC.oem4f (.text:getTdcSemaphore)
                  000064f4    00000024     rom_sysbios.aem4f : rom_sysbios.obj (.text:pthread_attr_init)
                  00006518    00000024     release_pem4f.oem4f (.text:ti_sysbios_BIOS_registerRTSLock__I)
                  0000653c    00000024     release_pem4f.oem4f (.text:ti_sysbios_BIOS_removeRTSLock__I)
                  00006560    00000024     rom_sysbios.aem4f : rom_sysbios.obj (.text:ti_sysbios_family_arm_cc26xx_Timer_getMaxTicks__E)
                  00006584    00000020     ti_drivers_config.obj (.text:Board_init)
                  000065a4    00000020     drivers_cc13x2.a : PINCC26XX.oem4f (.text:PINCC26XX_setIoCfgMux)
                  000065c4    00000020                      : PowerCC26X2.oem4f (.text:Power_unregisterNotify)
                  000065e4    00000020     rtsv7M4_T_le_v4SPD16_eabi.lib : u_tofd_t2.asm.obj (.text)
                  00006604    00000020     drivers_cc13x2.a : UARTCC26XX.oem4f (.text:threadSafeStdbyDisRelease)
                  00006624    00000020                      : UARTCC26XX.oem4f (.text:threadSafeStdbyDisSet)
                  00006644    00000020     release_pem4f.oem4f (.text:ti_sysbios_BIOS_rtsLock__I)
                  00006664    00000020     rom_sysbios.aem4f : rom_sysbios.obj (.text:ti_sysbios_family_arm_cc26xx_Timer_dynamicStub__E)
                  00006684    00000020                       : rom_sysbios.obj (.text:xdc_runtime_Error_policyMin__E)
                  000066a4    0000001e     drivers_cc13x2.a : PINCC26XX.oem4f (.text:PIN_close)
                  000066c2    0000001e                      : PowerCC26X2.oem4f (.text:Power_getTransitionLatency)
                  000066e0    0000001c     driverlib.lib : chipinfo.obj (.text:NOROM_ChipInfo_GetChipFamily)
                  000066fc    0000001c     Sensor_Core.obj (.text:OPT_3001_SET_REG_VALUES)
                  00006718    0000001c     drivers_cc13x2.a : PINCC26XX.oem4f (.text:PIN_hwi)
                  00006734    0000001c     dpl_cc13x2.a : PowerCC26X2_tirtos.oem4f (.text:PowerCC26XX_schedulerDisable)
                  00006750    0000001c                  : PowerCC26X2_tirtos.oem4f (.text:PowerCC26XX_schedulerRestore)
                  0000676c    0000001c     rtsv7M4_T_le_v4SPD16_eabi.lib : memccpy.c.obj (.text:memccpy)
                  00006788    0000001c     rom_sysbios.aem4f : rom_sysbios.obj (.text:ti_sysbios_knl_Swi_construct2__E)
                  000067a4    0000001c     release_pem4f.oem4f (.text:xdc_runtime_Startup_exec__I)
                  000067c0    0000001a     drivers_cc13x2.a : PowerCC26X2.oem4f (.text:PowerCC26XX_calibrate)
                  000067da    0000001a     rtsv7M4_T_le_v4SPD16_eabi.lib : s_copysign.c.obj (.text:copysign)
                  000067f4    00000018     driverlib.lib : chipinfo.obj (.text:NOROM_ChipInfo_GetPackageType)
                  0000680c    00000018     drivers_cc13x2.a : PowerCC26X2.oem4f (.text:Power_idleFunc)
                  00006824    00000018                      : UART.oem4f (.text:UART_Params_init)
                  0000683c    00000018     rtsv7M4_T_le_v4SPD16_eabi.lib : args_main.c.obj (.text:_args_main)
                  00006854    00000018                                   : sprintf.c.obj (.text:_outs)
                  0000686c    00000018                                   : ll_mul_t2.asm.obj (.text)
                  00006884    00000018     drivers_cc13x2.a : PowerCC26X2.oem4f (.text:switchToTCXO)
                  0000689c    00000018     release_pem4f.oem4f (.text:ti_sysbios_BIOS_rtsUnlock__I)
                  000068b4    00000018     rom_sysbios.aem4f : rom_sysbios.obj (.text:ti_sysbios_knl_Swi_or__E)
                  000068cc    00000018                       : rom_sysbios.obj (.text:ti_sysbios_rts_ti_ReentSupport_getReent__F)
                  000068e4    00000018                       : rom_sysbios.obj (.text:xdc_runtime_Error_init__E)
                  000068fc    00000016     driverlib.lib : chipinfo.obj (.text:NOROM_ThisLibraryIsFor_CC13x2_CC26x2_HwRev20AndLater_HaltIfViolated)
                  00006912    00000016     rom_sysbios.aem4f : rom_sysbios.obj (.text:_pthread_cleanup_pop)
                  00006928    00000016     rtsv7M4_T_le_v4SPD16_eabi.lib : strchr.c.obj (.text:strchr)
                  0000693e    00000016     release_pem4f.oem4f (.text:ti_sysbios_BIOS_exitFunc__I)
                  00006954    00000014     drivers_cc13x2.a : I2CCC26XX.oem4f (.text:I2CSupport_masterFinish)
                  00006968    00000014                      : I2C.oem4f (.text:I2C_transfer)
                  0000697c    00000014                      : PowerCC26X2_calibrateRCOSC.oem4f (.text:PowerCC26X2_calibrate)
                  00006990    00000014     rom_sysbios.aem4f : rom_sysbios.obj (.text:pthread_attr_setschedparam)
                  000069a4    00000014                       : rom_sysbios.obj (.text:ti_sysbios_family_arm_cc26xx_Timer_getCount64__E)
                  000069b8    00000014     release_pem4f.oem4f (.text:ti_sysbios_knl_Clock_doTick__I)
                  000069cc    00000012     OPT3001_functions.obj (.text:OPT3001_setConfiguration)
                  000069de    00000012     drivers_cc13x2.a : RingBuf.oem4f (.text:RingBuf_construct)
                  000069f0    00000012     dpl_cc13x2.a : SemaphoreP_tirtos.oem4f (.text:SemaphoreP_pend)
                  00006a02    00000012     rom_sysbios.aem4f : rom_sysbios.obj (.text:_pthread_runStub$45)
                  00006a14    00000012     rtsv7M4_T_le_v4SPD16_eabi.lib : wcslen.c.obj (.text:wcslen)
                  00006a26    00000010     dpl_cc13x2.a : HwiP_tirtos.oem4f (.text:HwiP_Params_init)
                  00006a36    00000010     drivers_cc13x2.a : I2CCC26XX.oem4f (.text:I2CCC26XX_postNotify)
                  00006a46    00000002     --HOLE-- [fill = 0]
                  00006a48    00000010                      : I2C.oem4f (.text:I2C_Params_init)
                  00006a58    00000010                      : PINCC26XX.oem4f (.text:PINCC26XX_getPinCount)
                  00006a68    00000010     dpl_cc13x2.a : SwiP_tirtos.oem4f (.text:SwiP_Params_init)
                  00006a78    00000010     Sensor_Core.obj (.text:sensor_i2c_close)
                  00006a88    00000010     drivers_cc13x2.a : UARTCC26XX.oem4f (.text:uartPostNotify)
                  00006a98    0000000e     OPT3001_functions.obj (.text:OPT3001_getResult)
                  00006aa6    0000000e     rtsv7M4_T_le_v4SPD16_eabi.lib : copy_decompress_none.c.obj (.text:decompress:none:__TI_decompress_none)
                  00006ab4    0000000e     Sensor_Core.obj (.text:hdc2080LimitInterruptFxn)
                  00006ac2    0000000e     rom_sysbios.aem4f : rom_sysbios.obj (.text:pthread_attr_setdetachstate)
                  00006ad0    0000000e                       : rom_sysbios.obj (.text:ti_sysbios_family_arm_cc26xx_TimestampProvider_get32__E)
                  00006ade    00000002     --HOLE-- [fill = 0]
                  00006ae0    0000000c     dpl_cc13x2.a : ClockP_tirtos.oem4f (.text:ClockP_getSystemTickPeriod)
                  00006aec    0000000c     driverlib.lib : cpu.obj (.text:NOROM_CPUcpsid)
                  00006af8    0000000c                   : cpu.obj (.text:NOROM_CPUcpsie)
                  00006b04    0000000c     OPT3001_functions.obj (.text:OPT3001_resetConfiguration)
                  00006b10    0000000c     drivers_cc13x2.a : PINCC26XX.oem4f (.text:PIN_registerIntCb)
                  00006b1c    0000000c                      : PowerCC26X2.oem4f (.text:Power_getConstraintMask)
                  00006b28    0000000c                      : PowerCC26X2.oem4f (.text:Power_getDependencyCount)
                  00006b34    0000000c     dpl_cc13x2.a : SemaphoreP_tirtos.oem4f (.text:SemaphoreP_delete)
                  00006b40    0000000c     rtsv7M4_T_le_v4SPD16_eabi.lib : _lock.c.obj (.text:_register_lock)
                  00006b4c    0000000c                                   : _lock.c.obj (.text:_register_unlock)
                  00006b58    0000000c                                   : copy_zero_init.c.obj (.text:decompress:ZI:__TI_zero_init)
                  00006b64    0000000c     Sensor_Core.obj (.text:opt3001LimitInterruptFxn)
                  00006b70    0000000c     rom_sysbios.aem4f : rom_sysbios.obj (.text:pthread_self)
                  00006b7c    0000000c                       : rom_sysbios.obj (.text:ti_sysbios_knl_Queue_insert__E)
                  00006b88    0000000c                       : rom_sysbios.obj (.text:ti_sysbios_knl_Swi_getTrigger__E)
                  00006b94    0000000a     dpl_cc13x2.a : ClockP_tirtos.oem4f (.text:ClockP_Params_init)
                  00006b9e    0000000a     OPT3001_functions.obj (.text:OPT3001_getConfiguration)
                  00006ba8    0000000a     drivers_cc13x2.a : UART.oem4f (.text:UART_write)
                  00006bb2    0000000a     rtsv7M4_T_le_v4SPD16_eabi.lib : sprintf.c.obj (.text:_outc)
                  00006bbc    0000000a     drivers_cc13x2.a : UARTCC26XX.oem4f (.text:readSemCallback)
                  00006bc6    0000000a     release_pem4f.oem4f (.text:ti_sysbios_rts_ti_ReentSupport_getTlsAddr__I)
                  00006bd0    00000008     drivers_cc13x2.a : I2CCC26XX.oem4f (.text:I2CCC26XX_blockingCallback)
                  00006bd8    00000008                      : UARTCC26XX.oem4f (.text:UARTCC26XX_init)
                  00006be0    00000008                      : UARTCC26XX.oem4f (.text:writeSemCallback)
                  00006be8    00000008     release_pem4f.oem4f (.text:xdc_runtime_Text_visitRope__I)
                  00006bf0    00000006     drivers_cc13x2.a : I2CCC26XX.oem4f (.text:I2CSupport_powerRelConstraint)
                  00006bf6    00000006                      : I2CCC26XX.oem4f (.text:I2CSupport_powerSetConstraint)
                  00006bfc    00000006     driverlib.lib : cpu.obj (.text:NOROM_CPUdelay)
                  00006c02    00000006     drivers_cc13x2.a : UARTCC26XX.oem4f (.text:UARTCC26XX_readPolling)
                  00006c08    00000006                      : UARTCC26XX.oem4f (.text:UARTCC26XX_writePolling)
                  00006c0e    00000006                      : PowerCC26X2.oem4f (.text:delayUs)
                  00006c14    00000006     rom_sysbios.aem4f : rom_sysbios.obj (.text:pthread_attr_setstacksize)
                  00006c1a    00000004     dpl_cc13x2.a : PowerCC26X2_tirtos.oem4f (.text:CPUwfi)
                  00006c1e    00000004                  : ClockP_tirtos.oem4f (.text:ClockP_destruct)
                  00006c22    00000004                  : ClockP_tirtos.oem4f (.text:ClockP_getCpuFreq)
                  00006c26    00000004                  : ClockP_tirtos.oem4f (.text:ClockP_setTimeout)
                  00006c2a    00000004                  : ClockP_tirtos.oem4f (.text:ClockP_start)
                  00006c2e    00000004                  : ClockP_tirtos.oem4f (.text:ClockP_stop)
                  00006c32    00000004                  : HwiP_tirtos.oem4f (.text:HwiP_destruct)
                  00006c36    00000004                  : HwiP_tirtos.oem4f (.text:HwiP_disable)
                  00006c3a    00000004                  : HwiP_tirtos.oem4f (.text:HwiP_disableInterrupt)
                  00006c3e    00000004                  : HwiP_tirtos.oem4f (.text:HwiP_enableInterrupt)
                  00006c42    00000004                  : SemaphoreP_tirtos.oem4f (.text:SemaphoreP_destruct)
                  00006c46    00000004                  : SemaphoreP_tirtos.oem4f (.text:SemaphoreP_post)
                  00006c4a    00000004                  : SwiP_tirtos.oem4f (.text:SwiP_destruct)
                  00006c4e    00000004                  : SwiP_tirtos.oem4f (.text:SwiP_getTrigger)
                  00006c52    00000004                  : SwiP_tirtos.oem4f (.text:SwiP_or)
                  00006c56    00000004                  : SwiP_tirtos.oem4f (.text:SwiP_post)
                  00006c5a    00000004     rom_sysbios.aem4f : rom_sysbios.obj (.text:__aeabi_errno_addr)
                  00006c5e    00000004     drivers_cc13x2.a : PowerCC26X2.oem4f (.text:configureRFCoreClocks)
                  00006c62    00000004                      : PowerCC26X2.oem4f (.text:nopResourceHandler)
                  00006c66    00000004     rom_sysbios.aem4f : rom_sysbios.obj (.text:ti_sysbios_knl_Task_getArg1__E)
                  00006c6a    00000004                       : rom_sysbios.obj (.text:ti_sysbios_knl_Task_getEnv__E)
                  00006c6e    00000004     release_pem4f.oem4f (.text:xdc_runtime_Startup_reset__I)
                  00006c72    00000004     rom_sysbios.aem4f : rom_sysbios.obj (.text:xdc_runtime_SysCallback_defaultReady)
                  00006c76    00000002     --HOLE-- [fill = 0]
                  00006c78    00000008     (.tramp.ti_sysbios_knl_Swi_destruct.1)
                  00006c80    00000008     (.tramp.ti_sysbios_family_arm_m3_Hwi_enableInterrupt__E.1)
                  00006c88    00000008     (.tramp.ti_sysbios_family_arm_m3_Hwi_disableInterrupt__E.1)
                  00006c90    00000008     (.tramp.ti_sysbios_family_arm_m3_Hwi_disableFxn__E.1)
                  00006c98    00000008     (.tramp.ti_sysbios_family_arm_m3_Hwi_destruct.1)
                  00006ca0    00000008     (.tramp.ti_sysbios_BIOS_getCpuFreq__E.1)
                  00006ca8    00000008     (.tramp.ti_sysbios_knl_Clock_destruct.1)
                  00006cb0    00000008     (.tramp.ti_sysbios_knl_Task_self__E.1)
                  00006cb8    00000008     (.tramp.ti_sysbios_knl_Semaphore_delete.1)
                  00006cc0    00000008     (.tramp.ti_sysbios_knl_Clock_logTick__E.1)
                  00006cc8    00000008     (.tramp.ti_sysbios_BIOS_getThreadType__E.1)
                  00006cd0    00000008     (.tramp.ti_sysbios_knl_Swi_post__E.1)
                  00006cd8    00000008     (.tramp.ti_sysbios_BIOS_RtsGateProxy_leave__E.1)
                  00006ce0    00000008     (.tramp.ti_sysbios_knl_Swi_construct.1)
                  00006ce8    00000008     (.tramp.ti_sysbios_knl_Swi_restore__E.1)
                  00006cf0    00000008     (.tramp.ti_sysbios_BIOS_RtsGateProxy_enter__E.1)
                  00006cf8    00000008     (.tramp.ti_sysbios_knl_Clock_TimerProxy_getCurrentTick__E.1)
                  00006d00    00000008     (.tramp.ti_sysbios_knl_Task_delete.1)
                  00006d08    00000008     (.tramp.ti_sysbios_knl_Semaphore_destruct.1)
                  00006d10    00000008     (.tramp.ti_sysbios_knl_Semaphore_create.1)
                  00006d18    00000008     (.tramp.ti_sysbios_knl_Task_startup__E.1)
                  00006d20    00000008     (.tramp.ti_sysbios_knl_Swi_startup__E.1)
                  00006d28    00000008     (.tramp.ti_sysbios_hal_Hwi_startup__E.1)
                  00006d30    00000008     (.tramp.ti_sysbios_family_arm_cc26xx_Timer_startup__E.1)
                  00006d38    00000008     (.tramp.xdc_runtime_System_atexit__E.1)
                  00006d40    00000008     (.tramp.ti_sysbios_BIOS_linkedWithIncorrectBootLibrary__E.1)
                  00006d48    00000008     (.tramp.xdc_runtime_Startup_rtsDone__E.1)
                  00006d50    00000008     (.tramp.ti_sysbios_knl_Swi_disable__E.1)
                  00006d58    00000008     (.tramp.ti_sysbios_family_arm_m3_Hwi_construct.1)
                  00006d60    00000008     (.tramp.ti_sysbios_knl_Task_sleep__E.1)
                  00006d68    00000008     (.tramp.ti_sysbios_family_arm_m3_Hwi_Params__init__S.1)
                  00006d70    00000008     (.tramp.ti_sysbios_knl_Clock_construct.1)
                  00006d78    00000008     (.tramp.ti_sysbios_knl_Clock_Params__init__S.1)
                  00006d80    00000008     (.tramp.ti_sysbios_knl_Swi_Params__init__S.1)
                  00006d88    00000008     (.tramp.ti_sysbios_heaps_HeapMem_Module_GateProxy_leave__E.1)
                  00006d90    00000008     (.tramp.ti_sysbios_heaps_HeapMem_Module_GateProxy_enter__E.1)
                  00006d98    00000008     (.tramp.xdc_runtime_System_exit__E.1)
                  00006da0    00000008     (.tramp.ti_sysbios_heaps_HeapMem_restore__E.1)
                  00006da8    00000008     (.tramp.ti_sysbios_heaps_HeapMem_Object__get__S.1)
                  00006db0    00000008     (.tramp.ti_sysbios_BIOS_start__E.1)
                  00006db8    00000008     (.tramp.xdc_runtime_Error_raiseX__E.1)
                  00006dc0    00000008     (.tramp.ti_sysbios_BIOS_setThreadType__E.1)
                  00006dc8    00000008     (.tramp.ti_sysbios_family_arm_m3_Hwi_excFillContext__I.1)
                  00006dd0    00000008     (.tramp.ti_sysbios_knl_Semaphore_post__E.1)
                  00006dd8    00000008     (.tramp.xdc_runtime_Memory_free__E.1)
                  00006de0    00000008     (.tramp.ti_sysbios_knl_Queue_next__E.1)
                  00006de8    00000008     (.tramp.ti_sysbios_knl_Queue_head__E.1)
                  00006df0    00000008     (.tramp.ti_sysbios_knl_Semaphore_pend__E.1)
                  00006df8    00000008     (.tramp.ti_sysbios_knl_Task_restore__E.1)
                  00006e00    00000008     (.tramp.ti_sysbios_knl_Queue_enqueue__E.1)
                  00006e08    00000008     (.tramp.ti_sysbios_knl_Queue_empty__E.1)
                  00006e10    00000008     (.tramp.ti_sysbios_knl_Queue_remove__E.1)
                  00006e18    00000008     (.tramp.ti_sysbios_knl_Task_disable__E.1)
                  00006e20    00000008     (.tramp.ti_sysbios_knl_Clock_stop__E.1)
                  00006e28    00000008     (.tramp.ti_sysbios_knl_Clock_start__E.1)
                  00006e30    00000008     (.tramp.ti_sysbios_knl_Clock_setTimeout__E.1)
                  00006e38    00000008     (.tramp.ti_sysbios_knl_Task_create.1)
                  00006e40    00000008     (.tramp.ti_sysbios_knl_Semaphore_construct.1)
                  00006e48    00000008     (.tramp.ti_sysbios_knl_Semaphore_Params__init__S.1)
                  00006e50    00000008     (.tramp.ti_sysbios_knl_Queue_construct.1)
                  00006e58    00000008     (.tramp.xdc_runtime_Memory_alloc__E.1)
                  00006e60    00000008     (.tramp.ti_sysbios_knl_Task_Params__init__S.1)
                  00006e68    00000008     (.tramp.ti_sysbios_family_arm_m3_Hwi_restoreFxn__E.1)
                  00006e70    00000008     (.tramp.xdc_runtime_System_doPrint__I.1)
                  00006e78    00000008     (.tramp.strlen.1)

.const     0    00006e80    000007d4     
                  00006e80    000003b8     release_pem4f.oem4f (.const:ROM_constStruct)
                  00007238    00000101     rtsv7M4_T_le_v4SPD16_eabi.lib : ctype.c.obj (.const:.string:_ctypes_)
                  00007339    00000001     release_pem4f.oem4f (.const:xdc_runtime_Text_charTab__A)
                  0000733a    00000054     drivers_cc13x2.a : PowerCC26X2.oem4f (.const:resourceDB)
                  0000738e    00000002     --HOLE-- [fill = 0]
                  00007390    00000048     release_pem4f.oem4f (.const:.string)
                  000073d8    00000048     release_pem4f.oem4f (.const:ROM_externFuncPtrs)
                  00007420    00000028     ti_drivers_config.obj (.const:BoardGpioInitTable)
                  00007448    00000028     drivers_cc13x2.a : UARTCC26XX.oem4f (.const:UARTCC26XX_fxnTable)
                  00007470    00000028     ti_drivers_config.obj (.const:uartCC26XXHWAttrs)
                  00007498    00000024     drivers_cc13x2.a : UART.oem4f (.const:UART_defaultParams)
                  000074bc    00000024     release_pem4f.oem4f (.const:xdc_runtime_Startup_sfxnTab__A)
                  000074e0    00000018     ti_drivers_config.obj (.const:i2cCC26xxHWAttrs)
                  000074f8    00000018     drivers_cc13x2.a : GPIOCC26XX.oem4f (.const:interruptType)
                  00007510    00000014     ti_drivers_config.obj (.const:$P$T1$2)
                  00007524    00000014     ti_drivers_config.obj (.const:GPIOCC26XX_config)
                  00007538    00000014     ti_drivers_config.obj (.const:PowerCC26X2_config)
                  0000754c    00000014     drivers_cc13x2.a : UARTCC26XX.oem4f (.const:parityType)
                  00007560    00000012     release_pem4f.oem4f (.const:xdc_runtime_Startup_sfxnRts__A)
                  00007572    00000002     --HOLE-- [fill = 0]
                  00007574    00000010     drivers_cc13x2.a : I2C.oem4f (.const:I2C_defaultParams)
                  00007584    00000010                      : I2CCC26XX.oem4f (.const:I2C_defaultParams)
                  00007594    00000010                      : UARTCC26XX.oem4f (.const:dataLength)
                  000075a4    00000010                      : GPIOCC26XX.oem4f (.const:outPinTypes)
                  000075b4    0000000c     ti_drivers_config.obj (.const:UART_config)
                  000075c0    0000000c     drivers_cc13x2.a : GPIOCC26XX.oem4f (.const:inPinTypes)
                  000075cc    0000000c                      : GPIOCC26XX.oem4f (.const:outPinStrengths)
                  000075d8    0000000c     release_pem4f.oem4f (.const:xdc_runtime_Startup_firstFxns__A)
                  000075e4    00000009     ti_drivers_config.obj (.const)
                  000075ed    00000003     --HOLE-- [fill = 0]
                  000075f0    00000008     driverlib.lib : aux_sysif.obj (.const:$O1$$)
                  000075f8    00000008     ti_drivers_config.obj (.const:$P$T0$1)
                  00007600    00000008     ti_drivers_config.obj (.const:I2C_config)
                  00007608    00000008     ti_drivers_config.obj (.const:PINCC26XX_hwAttrs)
                  00007610    00000008     drivers_cc13x2.a : UARTCC26XX.oem4f (.const:stopBits)
                  00007618    00000008     release_pem4f.oem4f (.const:ti_sysbios_family_arm_m3_Hwi_excHookFuncs__A)
                  00007620    00000008     release_pem4f.oem4f (.const:ti_sysbios_knl_Idle_funcList__A)
                  00007628    00000006     drivers_cc13x2.a : UARTCC26XX.oem4f (.const:.string:rxFifoBytes)
                  0000762e    00000006                      : UARTCC26XX.oem4f (.const:.string:rxFifoThreshold)
                  00007634    00000006                      : UARTCC26XX.oem4f (.const:.string:txFifoBytes)
                  0000763a    00000006                      : UARTCC26XX.oem4f (.const:.string:txFifoThreshold)
                  00007640    00000004     release_pem4f.oem4f (.const:ti_sysbios_family_arm_m3_Hwi_E_exception__C)
                  00007644    00000004     release_pem4f.oem4f (.const:ti_sysbios_heaps_HeapMem_primaryHeapBaseAddr__C)
                  00007648    00000004     release_pem4f.oem4f (.const:ti_sysbios_heaps_HeapMem_primaryHeapEndAddr__C)
                  0000764c    00000004     release_pem4f.oem4f (.const:ti_sysbios_knl_Clock_tickPeriod__C)
                  00007650    00000004     release_pem4f.oem4f (.const:ti_sysbios_knl_Task_Object__heap__C)

MODULE SUMMARY

       Module                             code    ro data   rw data
       ------                             ----    -------   -------
    ./
       HDC2080_functions.obj              1676    0         47     
       OPT3001_functions.obj              780     0         32     
       empty.obj                          500     0         40     
       Sensor_Core.obj                    466     0         53     
       main_tirtos.obj                    100     0         0      
    +--+----------------------------------+-------+---------+---------+
       Total:                             3522    0         172    
                                                                   
    ./syscfg/
       ti_drivers_config.obj              306     209       832    
       ti_devices_config.obj              0       88        0      
    +--+----------------------------------+-------+---------+---------+
       Total:                             306     297       832    
                                                                   
    /home/abhay/workspace_v10/tirtos_builds_cc13x2_cc26x2_release_ccs/Debug/configPkg/package/cfg/
       release_pem4f.oem4f                802     1259      1830   
    +--+----------------------------------+-------+---------+---------+
       Total:                             802     1259      1830   
                                                                   
    /home/abhay/ti/ccs1020/ccs/tools/compiler/ti-cgt-arm_20.2.2.LTS/lib/rtsv7M4_T_le_v4SPD16_eabi.lib
       _printfi.c.obj                     4851    0         0      
       fd_add_t2.asm.obj                  438     0         0      
       fd_div_t2.asm.obj                  310     0         0      
       s_scalbn.c.obj                     272     0         0      
       fd_cmp_t2.asm.obj                  268     0         0      
       ctype.c.obj                        0       257       0      
       fd_mul_t2.asm.obj                  252     0         0      
       memcpy_t2.asm.obj                  156     0         0      
       ull_div_t2.asm.obj                 150     0         0      
       memset_t2.asm.obj                  122     0         0      
       copy_decompress_lzss.c.obj         104     0         0      
       s_frexp.c.obj                      100     0         0      
       sprintf.c.obj                      98      0         0      
       _ltoa.c.obj                        84      0         0      
       atoi.c.obj                         76      0         0      
       cpy_tbl.c.obj                      76      0         0      
       fd_toi_t2.asm.obj                  72      0         0      
       fd_tou_t2.asm.obj                  68      0         0      
       u_divt2.asm.obj                    64      0         0      
       fs_tod_t2.asm.obj                  56      0         0      
       i_tofd_t2.asm.obj                  46      0         0      
       _lock.c.obj                        26      0         8      
       u_tofd_t2.asm.obj                  32      0         0      
       memccpy.c.obj                      28      0         0      
       s_copysign.c.obj                   26      0         0      
       args_main.c.obj                    24      0         0      
       ll_mul_t2.asm.obj                  24      0         0      
       strchr.c.obj                       22      0         0      
       wcslen.c.obj                       18      0         0      
       copy_decompress_none.c.obj         14      0         0      
       copy_zero_init.c.obj               12      0         0      
       stkdepth_vars.c.obj                0       0         4      
       div0.asm.obj                       2       0         0      
    +--+----------------------------------+-------+---------+---------+
       Total:                             7891    257       12     
                                                                   
    /home/abhay/ti/simplelink_cc13x2_26x2_sdk_4_40_04_04/kernel/tirtos/packages/ti/dpl/lib/ccs/m4f/dpl_cc13x2.a
       PowerCC26X2_tirtos.oem4f           260     0         8      
       SemaphoreP_tirtos.oem4f            126     0         0      
       SwiP_tirtos.oem4f                  116     0         0      
       ClockP_tirtos.oem4f                106     0         0      
       HwiP_tirtos.oem4f                  94      0         0      
    +--+----------------------------------+-------+---------+---------+
       Total:                             702     0         8      
                                                                   
    /home/abhay/ti/simplelink_cc13x2_26x2_sdk_4_40_04_04/kernel/tirtos/packages/ti/targets/arm/rtsarm/lib/auto_init.aem4f
       auto_init.oem4f                    160     0         0      
    +--+----------------------------------+-------+---------+---------+
       Total:                             160     0         0      
                                                                   
    /home/abhay/ti/simplelink_cc13x2_26x2_sdk_4_40_04_04/kernel/tirtos/packages/ti/targets/arm/rtsarm/lib/boot.aem4f
       boot.oem4f                         88      0         0      
    +--+----------------------------------+-------+---------+---------+
       Total:                             88      0         0      
                                                                   
    /home/abhay/ti/simplelink_cc13x2_26x2_sdk_4_40_04_04/source/ti/devices/cc13x2_cc26x2/driverlib/bin/ccs/driverlib.lib
       sys_ctrl.obj                       420     0         0      
       osc.obj                            340     0         36     
       setup.obj                          324     0         0      
       chipinfo.obj                       250     0         0      
       prcm.obj                           160     0         0      
       aux_sysif.obj                      52      8         0      
       cpu.obj                            30      0         0      
       driverlib_release.obj              0       0         1      
    +--+----------------------------------+-------+---------+---------+
       Total:                             1576    8         37     
                                                                   
    /home/abhay/ti/simplelink_cc13x2_26x2_sdk_4_40_04_04/source/ti/drivers/lib/ccs/m4f/drivers_cc13x2.a
       UARTCC26XX.oem4f                   2760    108       0      
       PowerCC26X2.oem4f                  2060    84        368    
       PINCC26XX.oem4f                    1614    0         328    
       PowerCC26X2_calibrateRCOSC.oem4f   1400    0         0      
       I2CCC26XX.oem4f                    1150    16        0      
       GPIOCC26XX.oem4f                   696     64        61     
       I2C.oem4f                          366     16        0      
       UART.oem4f                         166     36        1      
       RingBuf.oem4f                      152     0         0      
       List.oem4f                         76      0         0      
    +--+----------------------------------+-------+---------+---------+
       Total:                             10440   324       758    
                                                                   
    /home/abhay/workspace_v10/tirtos_builds_cc13x2_cc26x2_release_ccs/src/sysbios/rom_sysbios.aem4f
       rom_sysbios.obj                    2199    0         136    
    +--+----------------------------------+-------+---------+---------+
       Total:                             2199    0         136    
                                                                   
       Stack:                             0       0         1024   
       Linker Generated:                  520     490       0      
    +--+----------------------------------+-------+---------+---------+
       Grand Total:                       28206   2635      4809   


LINKER GENERATED COPY TABLES

__TI_cinit_table @ 00007820 records: 5, size/record: 8, table size: 40
	.data: load addr=00007658, load size=00000196 bytes, run addr=20004930, run size=000005cc bytes, compression=lzss
	.bss: load addr=00007800, load size=00000008 bytes, run addr=20004110, run size=00000819 bytes, compression=zero_init
	.data:xdcRomConstPtr: load addr=00007808, load size=00000008 bytes, run addr=20000100, run size=00000004 bytes, compression=lzss
	.data:xdcRomExternFuncPtr: load addr=00007810, load size=00000008 bytes, run addr=20000104, run size=00000004 bytes, compression=lzss
	.data:xdcRomStatePtr: load addr=00007818, load size=00000008 bytes, run addr=20000108, run size=00000004 bytes, compression=lzss


LINKER GENERATED HANDLER TABLE

__TI_handler_table @ 000077f0 records: 3, size/record: 4, table size: 12
	index: 0, handler: __TI_decompress_lzss
	index: 1, handler: __TI_decompress_none
	index: 2, handler: __TI_zero_init


FAR CALL TRAMPOLINES

callee name               trampoline name
   callee addr  tramp addr   call addr  call info
--------------  -----------  ---------  ----------------
ti_sysbios_knl_Swi_destruct  $Tramp$TT$L$PI$$ti_sysbios_knl_Swi_destruct
   1002e8bd     00006c78     00006c4a   dpl_cc13x2.a : SwiP_tirtos.oem4f (.text:SwiP_destruct)
ti_sysbios_family_arm_m3_Hwi_enableInterrupt__E  $Tramp$TT$L$PI$$ti_sysbios_family_arm_m3_Hwi_enableInterrupt__E
   1002d91d     00006c80     00006c3e   dpl_cc13x2.a : HwiP_tirtos.oem4f (.text:HwiP_enableInterrupt)
ti_sysbios_family_arm_m3_Hwi_disableInterrupt__E  $Tramp$TT$L$PI$$ti_sysbios_family_arm_m3_Hwi_disableInterrupt__E
   1002d8d9     00006c88     00006c3a   dpl_cc13x2.a : HwiP_tirtos.oem4f (.text:HwiP_disableInterrupt)
ti_sysbios_family_arm_m3_Hwi_disableFxn__E  $Tramp$TT$L$PI$$ti_sysbios_family_arm_m3_Hwi_disableFxn__E
   1002eb55     00006c90     00006c36   dpl_cc13x2.a : HwiP_tirtos.oem4f (.text:HwiP_disable)
ti_sysbios_family_arm_m3_Hwi_destruct  $Tramp$TT$L$PI$$ti_sysbios_family_arm_m3_Hwi_destruct
   1002e475     00006c98     00006c32   dpl_cc13x2.a : HwiP_tirtos.oem4f (.text:HwiP_destruct)
ti_sysbios_BIOS_getCpuFreq__E  $Tramp$TT$L$PI$$ti_sysbios_BIOS_getCpuFreq__E
   1002e9fd     00006ca0     00006c22   dpl_cc13x2.a : ClockP_tirtos.oem4f (.text:ClockP_getCpuFreq)
ti_sysbios_knl_Clock_destruct  $Tramp$TT$L$PI$$ti_sysbios_knl_Clock_destruct
   1002e649     00006ca8     00006c1e   dpl_cc13x2.a : ClockP_tirtos.oem4f (.text:ClockP_destruct)
ti_sysbios_knl_Task_self__E  $Tramp$TT$L$PI$$ti_sysbios_knl_Task_self__E
   1002eaf5     00006cb0     00006b72   rom_sysbios.aem4f : rom_sysbios.obj (.text:pthread_self)
                             00006bc8   release_pem4f.oem4f (.text:ti_sysbios_rts_ti_ReentSupport_getTlsAddr__I)
ti_sysbios_knl_Semaphore_delete  $Tramp$TT$L$PI$$ti_sysbios_knl_Semaphore_delete
   1002ecdb     00006cb8     00006b3a   dpl_cc13x2.a : SemaphoreP_tirtos.oem4f (.text:SemaphoreP_delete)
ti_sysbios_knl_Clock_logTick__E  $Tramp$TT$L$PI$$ti_sysbios_knl_Clock_logTick__E
   1002dbd7     00006cc0     000069ba   release_pem4f.oem4f (.text:ti_sysbios_knl_Clock_doTick__I)
ti_sysbios_BIOS_getThreadType__E  $Tramp$TT$L$PI$$ti_sysbios_BIOS_getThreadType__E
   1002ea95     00006cc8     000068ce   rom_sysbios.aem4f : rom_sysbios.obj (.text:ti_sysbios_rts_ti_ReentSupport_getReent__F)
ti_sysbios_knl_Swi_post__E  $Tramp$TT$L$PI$$ti_sysbios_knl_Swi_post__E
   1002d891     00006cd0     000068c8   rom_sysbios.aem4f : rom_sysbios.obj (.text:ti_sysbios_knl_Swi_or__E)
                             000069c2   release_pem4f.oem4f (.text:ti_sysbios_knl_Clock_doTick__I)
                             00006c56   dpl_cc13x2.a : SwiP_tirtos.oem4f (.text:SwiP_post)
ti_sysbios_BIOS_RtsGateProxy_leave__E  $Tramp$TT$L$PI$$ti_sysbios_BIOS_RtsGateProxy_leave__E
   1002ec7b     00006cd8     000068aa   release_pem4f.oem4f (.text:ti_sysbios_BIOS_rtsUnlock__I)
ti_sysbios_knl_Swi_construct  $Tramp$TT$L$PI$$ti_sysbios_knl_Swi_construct
   1002d719     00006ce0     0000678e   rom_sysbios.aem4f : rom_sysbios.obj (.text:ti_sysbios_knl_Swi_construct2__E)
ti_sysbios_knl_Swi_restore__E  $Tramp$TT$L$PI$$ti_sysbios_knl_Swi_restore__E
   1002db61     00006ce8     00006756   dpl_cc13x2.a : PowerCC26X2_tirtos.oem4f (.text:PowerCC26XX_schedulerRestore)
ti_sysbios_BIOS_RtsGateProxy_enter__E  $Tramp$TT$L$PI$$ti_sysbios_BIOS_RtsGateProxy_enter__E
   1002ec77     00006cf0     0000664a   release_pem4f.oem4f (.text:ti_sysbios_BIOS_rtsLock__I)
ti_sysbios_knl_Clock_TimerProxy_getCurrentTick__E  $Tramp$TT$L$PI$$ti_sysbios_knl_Clock_TimerProxy_getCurrentTick__E
   1002eac5     00006cf8     00006362   rom_sysbios.aem4f : rom_sysbios.obj (.text:ti_sysbios_knl_Clock_getTicksUntilInterrupt__E)
ti_sysbios_knl_Task_delete  $Tramp$TT$L$PI$$ti_sysbios_knl_Task_delete
   1002ece7     00006d00     0000630c   rom_sysbios.aem4f : rom_sysbios.obj (.text:_pthread_delete$45)
ti_sysbios_knl_Semaphore_destruct  $Tramp$TT$L$PI$$ti_sysbios_knl_Semaphore_destruct
   1002e6fd     00006d08     00006300   rom_sysbios.aem4f : rom_sysbios.obj (.text:_pthread_delete$45)
                             00006c42   dpl_cc13x2.a : SemaphoreP_tirtos.oem4f (.text:SemaphoreP_destruct)
ti_sysbios_knl_Semaphore_create  $Tramp$TT$L$PI$$ti_sysbios_knl_Semaphore_create
   1002dc49     00006d10     000062ec   dpl_cc13x2.a : SemaphoreP_tirtos.oem4f (.text:SemaphoreP_createBinary)
ti_sysbios_knl_Task_startup__E  $Tramp$TT$L$PI$$ti_sysbios_knl_Task_startup__E
   1002eceb     00006d18     000061d8   release_pem4f.oem4f (.text:ti_sysbios_BIOS_startFunc__I)
ti_sysbios_knl_Swi_startup__E  $Tramp$TT$L$PI$$ti_sysbios_knl_Swi_startup__E
   1002ec6b     00006d20     000061d4   release_pem4f.oem4f (.text:ti_sysbios_BIOS_startFunc__I)
ti_sysbios_hal_Hwi_startup__E  $Tramp$TT$L$PI$$ti_sysbios_hal_Hwi_startup__E
   1002ec31     00006d28     000061d0   release_pem4f.oem4f (.text:ti_sysbios_BIOS_startFunc__I)
ti_sysbios_family_arm_cc26xx_Timer_startup__E  $Tramp$TT$L$PI$$ti_sysbios_family_arm_cc26xx_Timer_startup__E
   1002dcf1     00006d30     000061cc   release_pem4f.oem4f (.text:ti_sysbios_BIOS_startFunc__I)
xdc_runtime_System_atexit__E  $Tramp$TT$L$PI$$xdc_runtime_System_atexit__E
   1002f559     00006d38     000061c4   release_pem4f.oem4f (.text:ti_sysbios_BIOS_startFunc__I)
ti_sysbios_BIOS_linkedWithIncorrectBootLibrary__E  $Tramp$TT$L$PI$$ti_sysbios_BIOS_linkedWithIncorrectBootLibrary__E
   1002d01b     00006d40     000061be   release_pem4f.oem4f (.text:ti_sysbios_BIOS_startFunc__I)
xdc_runtime_Startup_rtsDone__E  $Tramp$TT$L$PI$$xdc_runtime_Startup_rtsDone__E
   1002f8e5     00006d48     000061b6   release_pem4f.oem4f (.text:ti_sysbios_BIOS_startFunc__I)
ti_sysbios_knl_Swi_disable__E  $Tramp$TT$L$PI$$ti_sysbios_knl_Swi_disable__E
   1002ea25     00006d50     00006186   release_pem4f.oem4f (.text:ti_sysbios_BIOS_atExitFunc__I)
                             0000673e   dpl_cc13x2.a : PowerCC26X2_tirtos.oem4f (.text:PowerCC26XX_schedulerDisable)
ti_sysbios_family_arm_m3_Hwi_construct  $Tramp$TT$L$PI$$ti_sysbios_family_arm_m3_Hwi_construct
   1002d421     00006d58     00005de2   rom_sysbios.aem4f : rom_sysbios.obj (.text:ti_sysbios_family_arm_m3_Hwi_construct2__E)
ti_sysbios_knl_Task_sleep__E  $Tramp$TT$L$PI$$ti_sysbios_knl_Task_sleep__E
   1002ce01     00006d60     00005db6   rom_sysbios.aem4f : rom_sysbios.obj (.text:sleep)
ti_sysbios_family_arm_m3_Hwi_Params__init__S  $Tramp$TT$L$PI$$ti_sysbios_family_arm_m3_Hwi_Params__init__S
   1002eb49     00006d68     00005bbc   dpl_cc13x2.a : HwiP_tirtos.oem4f (.text:HwiP_construct)
ti_sysbios_knl_Clock_construct  $Tramp$TT$L$PI$$ti_sysbios_knl_Clock_construct
   1002dd8d     00006d70     00005a16   dpl_cc13x2.a : ClockP_tirtos.oem4f (.text:ClockP_construct)
ti_sysbios_knl_Clock_Params__init__S  $Tramp$TT$L$PI$$ti_sysbios_knl_Clock_Params__init__S
   1002eb9d     00006d78     000059fc   dpl_cc13x2.a : ClockP_tirtos.oem4f (.text:ClockP_construct)
ti_sysbios_knl_Swi_Params__init__S  $Tramp$TT$L$PI$$ti_sysbios_knl_Swi_Params__init__S
   1002ebf1     00006d80     0000522a   dpl_cc13x2.a : SwiP_tirtos.oem4f (.text:SwiP_construct)
ti_sysbios_heaps_HeapMem_Module_GateProxy_leave__E  $Tramp$TT$L$PI$$ti_sysbios_heaps_HeapMem_Module_GateProxy_leave__E
   1002ecaf     00006d88     000050ce   rom_sysbios.aem4f : rom_sysbios.obj (.text:ti_sysbios_heaps_HeapMem_alloc__E)
ti_sysbios_heaps_HeapMem_Module_GateProxy_enter__E  $Tramp$TT$L$PI$$ti_sysbios_heaps_HeapMem_Module_GateProxy_enter__E
   1002ecab     00006d90     000050b8   rom_sysbios.aem4f : rom_sysbios.obj (.text:ti_sysbios_heaps_HeapMem_alloc__E)
xdc_runtime_System_exit__E  $Tramp$TT$L$PI$$xdc_runtime_System_exit__E
   1002f7b1     00006d98     00005038   boot.aem4f : boot.oem4f (.text)
                             0000694e   release_pem4f.oem4f (.text:ti_sysbios_BIOS_exitFunc__I)
ti_sysbios_heaps_HeapMem_restore__E  $Tramp$TT$L$PI$$ti_sysbios_heaps_HeapMem_restore__E
   1002eb13     00006da0     00004f2c   rom_sysbios.aem4f : rom_sysbios.obj (.text:ti_sysbios_heaps_HeapMem_initPrimary__I)
ti_sysbios_heaps_HeapMem_Object__get__S  $Tramp$TT$L$PI$$ti_sysbios_heaps_HeapMem_Object__get__S
   1002e275     00006da8     00004efc   rom_sysbios.aem4f : rom_sysbios.obj (.text:ti_sysbios_heaps_HeapMem_initPrimary__I)
ti_sysbios_BIOS_start__E  $Tramp$TT$L$PI$$ti_sysbios_BIOS_start__E
   1002eaa5     00006db0     00004c42   main_tirtos.obj (.text:main)
xdc_runtime_Error_raiseX__E  $Tramp$TT$L$PI$$xdc_runtime_Error_raiseX__E
   1002f739     00006db8     000042e6   rom_sysbios.aem4f : rom_sysbios.obj (.text:ti_sysbios_family_arm_m3_Hwi_excHandlerMin__I)
                             000050e8                     : rom_sysbios.obj (.text:ti_sysbios_heaps_HeapMem_alloc__E)
ti_sysbios_BIOS_setThreadType__E  $Tramp$TT$L$PI$$ti_sysbios_BIOS_setThreadType__E
   1002ea11     00006dc0     000042a6   rom_sysbios.aem4f : rom_sysbios.obj (.text:ti_sysbios_family_arm_m3_Hwi_excHandlerMin__I)
                             00006190   release_pem4f.oem4f (.text:ti_sysbios_BIOS_atExitFunc__I)
                             00006948   release_pem4f.oem4f (.text:ti_sysbios_BIOS_exitFunc__I)
ti_sysbios_family_arm_m3_Hwi_excFillContext__I  $Tramp$TT$L$PI$$ti_sysbios_family_arm_m3_Hwi_excFillContext__I
   1002bda9     00006dc8     000042a0   rom_sysbios.aem4f : rom_sysbios.obj (.text:ti_sysbios_family_arm_m3_Hwi_excHandlerMin__I)
ti_sysbios_knl_Semaphore_post__E  $Tramp$TT$L$PI$$ti_sysbios_knl_Semaphore_post__E
   1002cd21     00006dd0     00003ebe   rom_sysbios.aem4f : rom_sysbios.obj (.text:_pthread_removeThreadKeys)
                             00005080                     : rom_sysbios.obj (.text:pthread_exit)
                             00006c46   dpl_cc13x2.a : SemaphoreP_tirtos.oem4f (.text:SemaphoreP_post)
xdc_runtime_Memory_free__E  $Tramp$TT$L$PI$$xdc_runtime_Memory_free__E
   1002f81d     00006dd8     00003eb4   rom_sysbios.aem4f : rom_sysbios.obj (.text:_pthread_removeThreadKeys)
                             00006318                     : rom_sysbios.obj (.text:_pthread_delete$45)
ti_sysbios_knl_Queue_next__E  $Tramp$TT$L$PI$$ti_sysbios_knl_Queue_next__E
   1002ecd7     00006de0     00003e8e   rom_sysbios.aem4f : rom_sysbios.obj (.text:_pthread_removeThreadKeys)
ti_sysbios_knl_Queue_head__E  $Tramp$TT$L$PI$$ti_sysbios_knl_Queue_head__E
   1002ecd3     00006de8     00003e7a   rom_sysbios.aem4f : rom_sysbios.obj (.text:_pthread_removeThreadKeys)
ti_sysbios_knl_Semaphore_pend__E  $Tramp$TT$L$PI$$ti_sysbios_knl_Semaphore_pend__E
   1002bfb1     00006df0     00003e74   rom_sysbios.aem4f : rom_sysbios.obj (.text:_pthread_removeThreadKeys)
                             000069f2   dpl_cc13x2.a : SemaphoreP_tirtos.oem4f (.text:SemaphoreP_pend)
ti_sysbios_knl_Task_restore__E  $Tramp$TT$L$PI$$ti_sysbios_knl_Task_restore__E
   1002df45     00006df8     0000392a   rom_sysbios.aem4f : rom_sysbios.obj (.text:ti_sysbios_knl_Task_setPri__E)
                             00003e68                     : rom_sysbios.obj (.text:_pthread_removeThreadKeys)
                             00003ec8                     : rom_sysbios.obj (.text:_pthread_removeThreadKeys)
                             00005092                     : rom_sysbios.obj (.text:pthread_exit)
                             000064bc                     : rom_sysbios.obj (.text:_pthread_cleanupFxn)
                             0000675e   dpl_cc13x2.a : PowerCC26X2_tirtos.oem4f (.text:PowerCC26XX_schedulerRestore)
ti_sysbios_knl_Queue_enqueue__E  $Tramp$TT$L$PI$$ti_sysbios_knl_Queue_enqueue__E
   1002ebd9     00006e00     000038fc   rom_sysbios.aem4f : rom_sysbios.obj (.text:ti_sysbios_knl_Task_setPri__E)
ti_sysbios_knl_Queue_empty__E  $Tramp$TT$L$PI$$ti_sysbios_knl_Queue_empty__E
   1002eb21     00006e08     000038e4   rom_sysbios.aem4f : rom_sysbios.obj (.text:ti_sysbios_knl_Task_setPri__E)
                             00003e60                     : rom_sysbios.obj (.text:_pthread_removeThreadKeys)
ti_sysbios_knl_Queue_remove__E  $Tramp$TT$L$PI$$ti_sysbios_knl_Queue_remove__E
   1002eb2f     00006e10     000038de   rom_sysbios.aem4f : rom_sysbios.obj (.text:ti_sysbios_knl_Task_setPri__E)
                             00003e96                     : rom_sysbios.obj (.text:_pthread_removeThreadKeys)
                             00003e9c                     : rom_sysbios.obj (.text:_pthread_removeThreadKeys)
ti_sysbios_knl_Task_disable__E  $Tramp$TT$L$PI$$ti_sysbios_knl_Task_disable__E
   1002ea4d     00006e18     000038a4   rom_sysbios.aem4f : rom_sysbios.obj (.text:ti_sysbios_knl_Task_setPri__E)
                             00003e56                     : rom_sysbios.obj (.text:_pthread_removeThreadKeys)
                             00005086                     : rom_sysbios.obj (.text:pthread_exit)
                             0000618a   release_pem4f.oem4f (.text:ti_sysbios_BIOS_atExitFunc__I)
                             000064ae   rom_sysbios.aem4f : rom_sysbios.obj (.text:_pthread_cleanupFxn)
                             00006736   dpl_cc13x2.a : PowerCC26X2_tirtos.oem4f (.text:PowerCC26XX_schedulerDisable)
ti_sysbios_knl_Clock_stop__E  $Tramp$TT$L$PI$$ti_sysbios_knl_Clock_stop__E
   1002e2c5     00006e20     00002fde   dpl_cc13x2.a : PowerCC26X2_tirtos.oem4f (.text:PowerCC26XX_standbyPolicy)
                             00006c2e                : ClockP_tirtos.oem4f (.text:ClockP_stop)
ti_sysbios_knl_Clock_start__E  $Tramp$TT$L$PI$$ti_sysbios_knl_Clock_start__E
   1002e9e7     00006e28     00002fca   dpl_cc13x2.a : PowerCC26X2_tirtos.oem4f (.text:PowerCC26XX_standbyPolicy)
                             00006c2a                : ClockP_tirtos.oem4f (.text:ClockP_start)
ti_sysbios_knl_Clock_setTimeout__E  $Tramp$TT$L$PI$$ti_sysbios_knl_Clock_setTimeout__E
   1002ecc3     00006e30     00002fc4   dpl_cc13x2.a : PowerCC26X2_tirtos.oem4f (.text:PowerCC26XX_standbyPolicy)
                             00006c26                : ClockP_tirtos.oem4f (.text:ClockP_setTimeout)
ti_sysbios_knl_Task_create  $Tramp$TT$L$PI$$ti_sysbios_knl_Task_create
   1002d529     00006e38     00002e5e   rom_sysbios.aem4f : rom_sysbios.obj (.text:pthread_create)
ti_sysbios_knl_Semaphore_construct  $Tramp$TT$L$PI$$ti_sysbios_knl_Semaphore_construct
   1002ddc1     00006e40     00002e54   rom_sysbios.aem4f : rom_sysbios.obj (.text:pthread_create)
                             000062c0   dpl_cc13x2.a : SemaphoreP_tirtos.oem4f (.text:SemaphoreP_constructBinary)
ti_sysbios_knl_Semaphore_Params__init__S  $Tramp$TT$L$PI$$ti_sysbios_knl_Semaphore_Params__init__S
   1002ebe5     00006e48     00002e42   rom_sysbios.aem4f : rom_sysbios.obj (.text:pthread_create)
                             000062b0   dpl_cc13x2.a : SemaphoreP_tirtos.oem4f (.text:SemaphoreP_constructBinary)
                             000062dc                : SemaphoreP_tirtos.oem4f (.text:SemaphoreP_createBinary)
ti_sysbios_knl_Queue_construct  $Tramp$TT$L$PI$$ti_sysbios_knl_Queue_construct
   1002dee5     00006e50     00002e36   rom_sysbios.aem4f : rom_sysbios.obj (.text:pthread_create)
xdc_runtime_Memory_alloc__E  $Tramp$TT$L$PI$$xdc_runtime_Memory_alloc__E
   1002f289     00006e58     00002dde   rom_sysbios.aem4f : rom_sysbios.obj (.text:pthread_create)
ti_sysbios_knl_Task_Params__init__S  $Tramp$TT$L$PI$$ti_sysbios_knl_Task_Params__init__S
   1002ec09     00006e60     00002dca   rom_sysbios.aem4f : rom_sysbios.obj (.text:pthread_create)
ti_sysbios_family_arm_m3_Hwi_restoreFxn__E  $Tramp$TT$L$PI$$ti_sysbios_family_arm_m3_Hwi_restoreFxn__E
   1002ec47     00006e68     00001bca   drivers_cc13x2.a : UARTCC26XX.oem4f (.text:UARTCC26XX_open)
                             00001bd6                    : UARTCC26XX.oem4f (.text:UARTCC26XX_open)
                             00001c60                    : UARTCC26XX.oem4f (.text:UARTCC26XX_open)
                             00001fe8                    : UARTCC26XX.oem4f (.text:UARTCC26XX_read)
                             00002044                    : UARTCC26XX.oem4f (.text:UARTCC26XX_read)
                             0000206c                    : UARTCC26XX.oem4f (.text:UARTCC26XX_read)
                             0000207e                    : UARTCC26XX.oem4f (.text:UARTCC26XX_read)
[...]
1002eb79  ti_sysbios_heaps_HeapMem_Module_GateProxy_Params__init__S          
1002eb85  ti_sysbios_heaps_HeapTrack_Params__init__S                         
1002eb91  ti_sysbios_heaps_HeapTrack_isBlocking__E                           
1002eb9d  ti_sysbios_knl_Clock_Params__init__S                               
1002eba9  ti_sysbios_knl_Clock_getTimerHandle__E                             
1002ebb5  ti_sysbios_knl_Event_Params__init__S                               
1002ebc1  ti_sysbios_knl_Mailbox_Params__init__S                             
1002ebcd  ti_sysbios_knl_Queue_dequeue__E                                    
1002ebd9  ti_sysbios_knl_Queue_enqueue__E                                    
1002ebe5  ti_sysbios_knl_Semaphore_Params__init__S                           
1002ebf1  ti_sysbios_knl_Swi_Params__init__S                                 
1002ebfd  ti_sysbios_knl_Swi_self__E                                         
1002ec09  ti_sysbios_knl_Task_Params__init__S                                
1002ec15  ti_sysbios_hal_Hwi_Instance_finalize__E                            
1002ec1f  ti_sysbios_knl_Event_Instance_init__E                              
1002ec29  ti_sysbios_family_arm_m3_Hwi_doSwiRestore__I                       
1002ec31  ti_sysbios_family_arm_m3_Hwi_startup__E                            
1002ec31  ti_sysbios_hal_Hwi_HwiProxy_startup__E                             
1002ec31  ti_sysbios_hal_Hwi_HwiProxy_startup__E                             
1002ec31  ti_sysbios_hal_Hwi_startup__E                                      
1002ec31  ti_sysbios_hal_Hwi_startup__E                                      
1002ec39  ti_sysbios_knl_Idle_loop__E                                        
1002ec41  ti_sysbios_family_arm_m3_Hwi_doTaskRestore__I                      
1002ec47  HwiP_restore                                                       
1002ec47  ti_sysbios_family_arm_m3_Hwi_restoreFxn__E                         
1002ec4d  ti_sysbios_gates_GateHwi_leave__E                                  
1002ec53  ti_sysbios_gates_GateMutex_Instance_finalize__E                    
1002ec59  ti_sysbios_heaps_HeapMem_isBlocking__E                             
1002ec5f  ti_sysbios_knl_Queue_Instance_init__E                              
1002ec65  ti_sysbios_knl_Queue_elemClear__E                                  
1002ec6b  ti_sysbios_knl_Swi_startup__E                                      
1002ec71  ti_sysbios_knl_Task_enable__E                                      
1002ec77  ti_sysbios_BIOS_RtsGateProxy_enter__E                              
1002ec7b  ti_sysbios_BIOS_RtsGateProxy_leave__E                              
1002ec7f  ti_sysbios_family_arm_cc26xx_Timer_getExpiredTicks__E              
1002ec83  ti_sysbios_family_arm_cc26xx_Timer_getPeriod__E                    
1002ec87  ti_sysbios_family_arm_cc26xx_Timer_setPeriod__E                    
1002ec8b  ti_sysbios_family_arm_m3_Hwi_delete                                
1002ec8f  ti_sysbios_family_arm_m3_TaskSupport_Module__startupDone__S        
1002ec8f  ti_sysbios_knl_Task_SupportProxy_Module__startupDone__S            
1002ec93  ti_sysbios_gates_GateHwi_query__E                                  
1002ec93  xdc_runtime_Main_Module_GateProxy_query__E                         
1002ec93  xdc_runtime_System_Module_GateProxy_query__E                       
1002ec93  xdc_runtime_System_Module_GateProxy_query__E                       
1002ec97  ti_sysbios_gates_GateMutex_delete                                  
1002ec9b  ti_sysbios_BIOS_RtsGateProxy_query__E                              
1002ec9b  ti_sysbios_BIOS_RtsGateProxy_query__E                              
1002ec9b  ti_sysbios_gates_GateMutex_query__E                                
1002ec9b  ti_sysbios_heaps_HeapMem_Module_GateProxy_query__E                 
1002ec9b  ti_sysbios_heaps_HeapMem_Module_GateProxy_query__E                 
1002ec9f  ti_sysbios_hal_Hwi_HwiProxy_create                                 
1002eca3  ti_sysbios_hal_Hwi_HwiProxy_delete                                 
1002eca7  ti_sysbios_hal_Hwi_delete                                          
1002ecab  ti_sysbios_heaps_HeapMem_Module_GateProxy_enter__E                 
1002ecaf  ti_sysbios_heaps_HeapMem_Module_GateProxy_leave__E                 
1002ecb3  ti_sysbios_knl_Clock_TimerProxy_getExpiredTicks__E                 
1002ecb7  ti_sysbios_knl_Clock_TimerProxy_getPeriod__E                       
1002ecbb  ti_sysbios_knl_Clock_delete                                        
1002ecbf  ti_sysbios_knl_Clock_removeI__E                                    
1002ecc3  ti_sysbios_knl_Clock_setTimeout__E                                 
1002ecc7  ti_sysbios_knl_Event_delete                                        
1002eccb  ti_sysbios_knl_Mailbox_delete                                      
1002eccf  ti_sysbios_knl_Queue_delete                                        
1002ecd3  ti_sysbios_knl_Queue_head__E                                       
1002ecd7  ti_sysbios_knl_Queue_next__E                                       
1002ecdb  ti_sysbios_knl_Semaphore_delete                                    
1002ecdf  ti_sysbios_knl_Swi_delete                                          
1002ece3  ti_sysbios_knl_Swi_postInit__I                                     
1002ece7  ti_sysbios_knl_Task_delete                                         
1002eceb  ti_sysbios_knl_Task_startup__E                                     
1002ecf1  xdc_runtime_System_doPrint__I                                      
1002f055  xdc_runtime_Startup_startMods__I                                   
1002f15d  xdc_runtime_Text_putSite__E                                        
1002f1f7  xdc_runtime_Error_policySpin__E                                    
1002f1f9  xdc_runtime_Text_putMod__E                                         
1002f289  xdc_runtime_Memory_alloc__E                                        
1002f2f9  xdc_runtime_Core_createObject__I                                   
1002f367  xdc_runtime_Core_deleteObject__I                                   
1002f3c5  xdc_runtime_Text_putLab__E                                         
1002f421  xdc_runtime_Assert_raise__I                                        
1002f475  xdc_runtime_Startup_exec__E                                        
1002f4c9  xdc_runtime_Core_assignParams__I                                   
1002f511  xdc_runtime_Core_constructObject__I                                
1002f559  xdc_runtime_System_atexit__E                                       
1002f5a1  xdc_runtime_Text_xprintf__I                                        
1002f5e5  xdc_runtime_System_processAtExit__E                                
1002f625  xdc_runtime_System_putchar__I                                      
1002f659  xdc_runtime_Core_assignLabel__I                                    
1002f689  xdc_runtime_Text_printVisFxn__I                                    
1002f6b9  xdc_runtime_System_vprintf__E                                      
1002f6e5  xdc_runtime_Text_cordText__E                                       
1002f711  xdc_runtime_System_abort__E                                        
1002f739  xdc_runtime_Error_raiseX__E                                        
1002f759  xdc_runtime_Registry_findById__E                                   
1002f779  xdc_runtime_Error_check__E                                         
1002f795  xdc_runtime_Memory_valloc__E                                       
1002f7b1  xdc_runtime_System_exit__E                                         
1002f7cd  xdc_runtime_Text_ropeText__E                                       
1002f7e9  xdc_runtime_System_printf__E                                       
1002f803  xdc_runtime_Core_destructObject__I                                 
1002f81b  xdc_runtime_System_abortSpin__E                                    
1002f81d  xdc_runtime_Memory_free__E                                         
1002f831  xdc_runtime_Memory_getStats__E                                     
1002f845  xdc_runtime_SysCallback_abort__E                                   
1002f845  xdc_runtime_System_SupportProxy_abort__E                           
1002f859  xdc_runtime_SysCallback_exit__E                                    
1002f859  xdc_runtime_System_SupportProxy_exit__E                            
1002f86d  xdc_runtime_SysCallback_flush__E                                   
1002f86d  xdc_runtime_System_SupportProxy_flush__E                           
1002f86d  xdc_runtime_System_flush__E                                        
1002f881  xdc_runtime_SysCallback_putch__E                                   
1002f881  xdc_runtime_System_SupportProxy_putch__E                           
1002f895  xdc_runtime_SysCallback_ready__E                                   
1002f895  xdc_runtime_System_SupportProxy_ready__E                           
1002f8a9  xdc_runtime_Memory_getMaxDefaultTypeAlign__E                       
1002f8b9  xdc_runtime_System_vsnprintf__E                                    
1002f8c9  xdc_runtime_Timestamp_SupportProxy_get32__E                        
1002f8c9  xdc_runtime_Timestamp_SupportProxy_get32__E                        
1002f8c9  xdc_runtime_Timestamp_get32__E                                     
1002f8c9  xdc_runtime_Timestamp_get32__E                                     
1002f8d9  xdc_runtime_Memory_calloc__E                                       
1002f8e5  xdc_runtime_Startup_rtsDone__E                                     
1002f8f1  xdc_runtime_Memory_HeapProxy_alloc__E                              
1002f8fb  xdc_runtime_Memory_HeapProxy_free__E                               
1002f905  xdc_runtime_Memory_HeapProxy_getStats__E                           
1002f90f  xdc_runtime_Gate_leaveSystem__E                                    
1002f915  xdc_runtime_System_Module_startup__E                               
1002f91b  xdc_runtime_Gate_enterSystem__E                                    
1002f91f  xdc_runtime_SysCallback_Module__startupDone__S                     
1002f91f  xdc_runtime_System_SupportProxy_Module__startupDone__S             
1002f923  xdc_runtime_System_Module_GateProxy_enter__E                       
1002f927  xdc_runtime_System_Module_GateProxy_leave__E                       
1002f92b  xdc_runtime_System_printf_va__F                                    
1002f92f  xdc_runtime_System_exitSpin__E                                     
1002f931  ti_sysbios_family_arm_m3_Hwi_dispatch__I                           
1002fa11  ti_sysbios_family_arm_m3_Hwi_interruptsAreDisabledButShouldNotBe   
1002fa2d  ti_sysbios_family_arm_m3_TaskSupport_buildTaskStack                
1002fab9  ti_sysbios_family_arm_m3_Hwi_initStacks__E                         
1002fb11  ti_sysbios_family_arm_m3_Hwi_pendSV__I                             
1002fb35  ti_sysbios_family_arm_m3_Hwi_return                                
1002fb39  ti_sysbios_family_arm_m3_Hwi_excHandlerAsm__I                      
1002fb59  ti_sysbios_family_xxx_Hwi_switchAndRunFunc                         
1002fb77  ti_sysbios_family_arm_m3_TaskSupport_swap__E                       
1002fb77  ti_sysbios_knl_Task_SupportProxy_swap__E                           
1002fb77  ti_sysbios_knl_Task_SupportProxy_swap__E                           
1002fb83  ti_sysbios_knl_Task_swapReturn                                     
1002fb8f  ti_sysbios_family_arm_m3_TaskSupport_glue                          
1002fba0  ti_sysbios_knl_Task_Object__PARAMS__C                              
1002fbdc  ti_sysbios_knl_Mailbox_Object__PARAMS__C                           
1002fc10  ti_sysbios_family_arm_m3_Hwi_Object__PARAMS__C                     
1002fc40  ti_sysbios_hal_Hwi_Object__PARAMS__C                               
1002fc6c  ti_sysbios_knl_Swi_Object__PARAMS__C                               
1002fc94  ti_sysbios_heaps_HeapMem_Object__PARAMS__C                         
1002fcb8  ti_sysbios_knl_Clock_Object__PARAMS__C                             
1002fcdc  ti_sysbios_knl_Semaphore_Object__PARAMS__C                         
1002fd00  ti_sysbios_gates_GateHwi_Object__PARAMS__C                         
1002fd18  ti_sysbios_gates_GateMutex_Object__PARAMS__C                       
1002fd30  ti_sysbios_knl_Event_Object__PARAMS__C                             
1002fd48  ti_sysbios_knl_Queue_Object__PARAMS__C                             
1002fd80  ti_sysbios_heaps_HeapTrack_Object__PARAMS__C                       
1002fd9c  ti_sysbios_heaps_HeapTrack_Instance_State_trackQueue__O            
1002fda0  ti_sysbios_heaps_HeapTrack_Module__diagsEnabled__C                 
1002fda4  ti_sysbios_heaps_HeapTrack_Module__diagsIncluded__C                
1002fda8  ti_sysbios_heaps_HeapTrack_Module__diagsMask__C                    
1002fddb  strlen                                                             
20000000  __start___llvm_prf_cnts                                            
20000000  __stop___llvm_prf_cnts                                             
20000000  ti_sysbios_family_arm_m3_Hwi_ramVectors                            
20000100  xdcRomConstPtr                                                     
20000104  xdcRomExternFuncPtr                                                
20000108  xdcRomStatePtr                                                     
20000110  __primary_heap_start__                                             
20004110  __primary_heap_end__                                               
20004110  ti_sysbios_knl_Task_Instance_State_0_stack__A                      
20004310  uartCC26XXObjects                                                  
200044c4  i2cCC26xxObjects                                                   
20004608  ti_sysbios_family_arm_m3_Hwi_dispatchTable                         
200046e0  pinHandleTable                                                     
200047e0  uartParams                                                         
20004864  i2cTransaction                                                     
20004884  i2cTransaction_hdc2080                                             
200048a4  i2cTransaction_opt3001                                             
200048e0  i2cParams                                                          
20004908  PowerCC26XX_swiKey                                                 
2000490c  PowerCC26XX_taskKey                                                
20004910  i2c                                                                
20004914  i2cHandle                                                          
20004918  rxBuffer                                                           
2000491c  txBuffer                                                           
20004920  uart                                                               
20004924  data                                                               
20004925  driverlib_release_0_59848                                          
20004926  i2cAddress                                                         
20004927  rxCount                                                            
20004928  txCount                                                            
20004930  PowerCC26X2_module                                                 
20004aa0  ROM_stateStruct                                                    
20004aa0  ti_sysbios_knl_Clock_Module__state__V                              
20004acc  ti_sysbios_family_arm_cc26xx_TimestampProvider_Module__state__V    
20004ad0  xdc_runtime_Startup_Module__state__V                               
20004ad8  xdc_runtime_Registry_Module__state__V                              
20004ae0  ti_sysbios_BIOS_Module__state__V                                   
20004b04  ti_sysbios_knl_Swi_Module__state__V                                
20004b20  ti_sysbios_knl_Task_Module__state__V                               
20004b64  xdc_runtime_Memory_Module__state__V                                
20004b68  xdc_runtime_System_Module__state__V                                
20004b70  ti_sysbios_family_arm_m3_Hwi_Module__state__V                      
20004ba4  ti_sysbios_family_arm_cc26xx_Timer_Module__state__V                
20004c34  ti_sysbios_gates_GateMutex_Object__table__V                        
20004c88  ti_sysbios_knl_Task_Object__table__V                               
20004cd8  ti_sysbios_family_arm_cc26xx_Timer_Object__table__V                
20004d20  ti_sysbios_knl_Swi_Module_State_0_readyQ__A                        
20004d50  ti_sysbios_knl_Swi_Object__table__V                                
20004d80  ti_sysbios_knl_Task_Module_State_0_readyQ__A                       
20004db0  _hposcCoeffs                                                       
20004dd4  ti_sysbios_knl_Clock_Object__table__V                              
20004df4  xdc_runtime_Error_IgnoreBlock                                      
20004e14  ti_sysbios_family_arm_m3_Hwi_Object__table__V                      
20004e2c  ti_sysbios_heaps_HeapMem_Object__table__V                          
20004e44  gpioCallbackFunctions                                              
20004e58  gpioPinConfigs                                                     
20004e6c  _lock                                                              
20004e70  _unlock                                                            
20004e74  pinUpperBound                                                      
20004e78  pinLowerBound                                                      
20004e7c  ti_sysbios_family_arm_m3_Hwi_Module__root__V                       
20004e84  ti_sysbios_gates_GateHwi_Module__root__V                           
20004e8c  ti_sysbios_gates_GateMutex_Module__root__V                         
20004e94  ti_sysbios_hal_Hwi_Module__root__V                                 
20004e9c  ti_sysbios_heaps_HeapMem_Module__root__V                           
20004ea4  ti_sysbios_knl_Clock_Module__root__V                               
20004eac  ti_sysbios_knl_Event_Module__root__V                               
20004eb4  ti_sysbios_knl_Mailbox_Module__root__V                             
20004ebc  ti_sysbios_knl_Queue_Module__root__V                               
20004ec4  ti_sysbios_knl_Semaphore_Module__root__V                           
20004ecc  ti_sysbios_knl_Swi_Module__root__V                                 
20004ed4  ti_sysbios_knl_Task_Module__root__V                                
20004edc  xdc_runtime_System_Module_State_0_atexitHandlers__A                
20004eea  ti_sysbios_family_arm_m3_Hwi_Module_State_0_excActive__A           
20004eec  main_func_sp                                                       
20004ef0  ti_sysbios_family_arm_m3_Hwi_Module_State_0_excContext__A          
20004ef4  ti_sysbios_family_arm_m3_Hwi_Module_State_0_excStack__A            
20004ef8  ti_sysbios_knl_Task_Module_State_0_idleTask__A                     
20013c00  __stack                                                            
20014000  __STACK_END                                                        
e000e000  ti_sysbios_family_arm_m3_Hwi_nvic                                  
ffffffff  __TI_pprof_out_hndl                                                
ffffffff  __TI_prof_data_size                                                
ffffffff  __TI_prof_data_start                                               
ffffffff  __binit__                                                          
ffffffff  __c_args__                                                         
ffffffff  binit                                                              
UNDEFED   ITM_flush                                                          
UNDEFED   ITM_restore                                                        
UNDEFED   SHT$$INIT_ARRAY$$Base                                              
UNDEFED   SHT$$INIT_ARRAY$$Limit                                             

[942 symbols]
